Archive member included to satisfy reference by file (symbol)

/home/bot-10/opt/gcc-arm-none-eabi-7-2017-q4-major/bin/../lib/gcc/arm-none-eabi/7.2.1/../../../../arm-none-eabi/lib/thumb/v7-m/libc_nano.a(lib_a-exit.o)
                              /home/bot-10/opt/gcc-arm-none-eabi-7-2017-q4-major/bin/../lib/gcc/arm-none-eabi/7.2.1/../../../../arm-none-eabi/lib/thumb/v7-m/crt0.o (exit)
/home/bot-10/opt/gcc-arm-none-eabi-7-2017-q4-major/bin/../lib/gcc/arm-none-eabi/7.2.1/../../../../arm-none-eabi/lib/thumb/v7-m/libc_nano.a(lib_a-impure.o)
                              /home/bot-10/opt/gcc-arm-none-eabi-7-2017-q4-major/bin/../lib/gcc/arm-none-eabi/7.2.1/../../../../arm-none-eabi/lib/thumb/v7-m/libc_nano.a(lib_a-exit.o) (_global_impure_ptr)
/home/bot-10/opt/gcc-arm-none-eabi-7-2017-q4-major/bin/../lib/gcc/arm-none-eabi/7.2.1/../../../../arm-none-eabi/lib/thumb/v7-m/libc_nano.a(lib_a-init.o)
                              /home/bot-10/opt/gcc-arm-none-eabi-7-2017-q4-major/bin/../lib/gcc/arm-none-eabi/7.2.1/../../../../arm-none-eabi/lib/thumb/v7-m/crt0.o (__libc_init_array)
/home/bot-10/opt/gcc-arm-none-eabi-7-2017-q4-major/bin/../lib/gcc/arm-none-eabi/7.2.1/../../../../arm-none-eabi/lib/thumb/v7-m/libc_nano.a(lib_a-memset.o)
                              /home/bot-10/opt/gcc-arm-none-eabi-7-2017-q4-major/bin/../lib/gcc/arm-none-eabi/7.2.1/../../../../arm-none-eabi/lib/thumb/v7-m/crt0.o (memset)
/home/bot-10/opt/gcc-arm-none-eabi-7-2017-q4-major/bin/../lib/gcc/arm-none-eabi/7.2.1/../../../../arm-none-eabi/lib/thumb/v7-m/libc_nano.a(lib_a-strlen.o)
                              build/main.o (strlen)
/home/bot-10/opt/gcc-arm-none-eabi-7-2017-q4-major/bin/../lib/gcc/arm-none-eabi/7.2.1/../../../../arm-none-eabi/lib/thumb/v7-m/libnosys.a(_exit.o)
                              /home/bot-10/opt/gcc-arm-none-eabi-7-2017-q4-major/bin/../lib/gcc/arm-none-eabi/7.2.1/../../../../arm-none-eabi/lib/thumb/v7-m/libc_nano.a(lib_a-exit.o) (_exit)

Allocating common symbols
Common symbol       size              file

hUsbDeviceFS        0x224             build/usb_device.o
uwTick              0x4               build/stm32f1xx_hal.o
pFlash              0x20              build/stm32f1xx_hal_flash.o
UserRxBufferFS      0x3e8             build/usbd_cdc_if.o
UserTxBufferFS      0x3e8             build/usbd_cdc_if.o
hpcd_USB_FS         0x460             build/usbd_conf.o
USBD_StrDesc        0x200             build/usbd_desc.o

Discarded input sections

 .text          0x0000000000000000        0x0 /home/bot-10/opt/gcc-arm-none-eabi-7-2017-q4-major/bin/../lib/gcc/arm-none-eabi/7.2.1/thumb/v7-m/crti.o
 .data          0x0000000000000000        0x0 /home/bot-10/opt/gcc-arm-none-eabi-7-2017-q4-major/bin/../lib/gcc/arm-none-eabi/7.2.1/thumb/v7-m/crti.o
 .bss           0x0000000000000000        0x0 /home/bot-10/opt/gcc-arm-none-eabi-7-2017-q4-major/bin/../lib/gcc/arm-none-eabi/7.2.1/thumb/v7-m/crti.o
 .data          0x0000000000000000        0x4 /home/bot-10/opt/gcc-arm-none-eabi-7-2017-q4-major/bin/../lib/gcc/arm-none-eabi/7.2.1/thumb/v7-m/crtbegin.o
 .text          0x0000000000000000       0x74 /home/bot-10/opt/gcc-arm-none-eabi-7-2017-q4-major/bin/../lib/gcc/arm-none-eabi/7.2.1/../../../../arm-none-eabi/lib/thumb/v7-m/crt0.o
 .data          0x0000000000000000        0x0 /home/bot-10/opt/gcc-arm-none-eabi-7-2017-q4-major/bin/../lib/gcc/arm-none-eabi/7.2.1/../../../../arm-none-eabi/lib/thumb/v7-m/crt0.o
 .bss           0x0000000000000000        0x0 /home/bot-10/opt/gcc-arm-none-eabi-7-2017-q4-major/bin/../lib/gcc/arm-none-eabi/7.2.1/../../../../arm-none-eabi/lib/thumb/v7-m/crt0.o
 .ARM.extab     0x0000000000000000        0x0 /home/bot-10/opt/gcc-arm-none-eabi-7-2017-q4-major/bin/../lib/gcc/arm-none-eabi/7.2.1/../../../../arm-none-eabi/lib/thumb/v7-m/crt0.o
 .ARM.exidx     0x0000000000000000        0x8 /home/bot-10/opt/gcc-arm-none-eabi-7-2017-q4-major/bin/../lib/gcc/arm-none-eabi/7.2.1/../../../../arm-none-eabi/lib/thumb/v7-m/crt0.o
 .ARM.attributes
                0x0000000000000000       0x1b /home/bot-10/opt/gcc-arm-none-eabi-7-2017-q4-major/bin/../lib/gcc/arm-none-eabi/7.2.1/../../../../arm-none-eabi/lib/thumb/v7-m/crt0.o
 .text          0x0000000000000000        0x0 build/stm32f1xx_hal_pcd_ex.o
 .data          0x0000000000000000        0x0 build/stm32f1xx_hal_pcd_ex.o
 .bss           0x0000000000000000        0x0 build/stm32f1xx_hal_pcd_ex.o
 .text.HAL_PCDEx_SetConnectionState
                0x0000000000000000        0x2 build/stm32f1xx_hal_pcd_ex.o
 .text          0x0000000000000000        0x0 build/stm32f1xx_hal_flash.o
 .data          0x0000000000000000        0x0 build/stm32f1xx_hal_flash.o
 .bss           0x0000000000000000        0x0 build/stm32f1xx_hal_flash.o
 .text.FLASH_Program_HalfWord
                0x0000000000000000       0x1c build/stm32f1xx_hal_flash.o
 .text.FLASH_SetErrorCode
                0x0000000000000000       0x74 build/stm32f1xx_hal_flash.o
 .text.HAL_FLASH_Program_IT
[...]
Memory Configuration

Name             Origin             Length             Attributes
RAM              0x0000000020000000 0x0000000000005000 xrw
FLASH            0x0000000008000000 0x0000000000010000 xr
*default*        0x0000000000000000 0xffffffffffffffff

Linker script and memory map

LOAD /home/bot-10/opt/gcc-arm-none-eabi-7-2017-q4-major/bin/../lib/gcc/arm-none-eabi/7.2.1/thumb/v7-m/crti.o
LOAD /home/bot-10/opt/gcc-arm-none-eabi-7-2017-q4-major/bin/../lib/gcc/arm-none-eabi/7.2.1/thumb/v7-m/crtbegin.o
LOAD /home/bot-10/opt/gcc-arm-none-eabi-7-2017-q4-major/bin/../lib/gcc/arm-none-eabi/7.2.1/../../../../arm-none-eabi/lib/thumb/v7-m/crt0.o
LOAD build/stm32f1xx_hal_pcd_ex.o
LOAD build/stm32f1xx_hal_flash.o
LOAD build/stm32f1xx_hal_rcc_ex.o
LOAD build/main.o
LOAD build/stm32f1xx_hal_gpio.o
LOAD build/stm32f1xx_hal_pwr.o
LOAD build/stm32f1xx_hal_cortex.o
LOAD build/stm32f1xx_hal_gpio_ex.o
LOAD build/stm32f1xx_hal_tim_ex.o
LOAD build/stm32f1xx_ll_usb.o
LOAD build/stm32f1xx_hal_tim.o
LOAD build/stm32f1xx_hal_flash_ex.o
LOAD build/stm32f1xx_hal_rcc.o
LOAD build/stm32f1xx_it.o
LOAD build/stm32f1xx_hal_dma.o
LOAD build/gpio.o
LOAD build/stm32f1xx_hal_msp.o
LOAD build/stm32f1xx_hal_pcd.o
LOAD build/stm32f1xx_hal.o
LOAD build/system_stm32f1xx.o
LOAD build/usbd_conf.o
LOAD build/usb_device.o
LOAD build/usbd_ioreq.o
LOAD build/usbd_ctlreq.o
LOAD build/usbd_cdc_if.o
LOAD build/usbd_core.o
LOAD build/usbd_desc.o
LOAD build/usbd_cdc.o
LOAD build/startup_stm32f103xb.o
LOAD /home/bot-10/opt/gcc-arm-none-eabi-7-2017-q4-major/bin/../lib/gcc/arm-none-eabi/7.2.1/../../../../arm-none-eabi/lib/thumb/v7-m/libc_nano.a
LOAD /home/bot-10/opt/gcc-arm-none-eabi-7-2017-q4-major/bin/../lib/gcc/arm-none-eabi/7.2.1/../../../../arm-none-eabi/lib/thumb/v7-m/libm.a
LOAD /home/bot-10/opt/gcc-arm-none-eabi-7-2017-q4-major/bin/../lib/gcc/arm-none-eabi/7.2.1/../../../../arm-none-eabi/lib/thumb/v7-m/libnosys.a
START GROUP
LOAD /home/bot-10/opt/gcc-arm-none-eabi-7-2017-q4-major/bin/../lib/gcc/arm-none-eabi/7.2.1/thumb/v7-m/libgcc.a
LOAD /home/bot-10/opt/gcc-arm-none-eabi-7-2017-q4-major/bin/../lib/gcc/arm-none-eabi/7.2.1/../../../../arm-none-eabi/lib/thumb/v7-m/libc_nano.a
END GROUP
START GROUP
LOAD /home/bot-10/opt/gcc-arm-none-eabi-7-2017-q4-major/bin/../lib/gcc/arm-none-eabi/7.2.1/thumb/v7-m/libgcc.a
LOAD /home/bot-10/opt/gcc-arm-none-eabi-7-2017-q4-major/bin/../lib/gcc/arm-none-eabi/7.2.1/../../../../arm-none-eabi/lib/thumb/v7-m/libc_nano.a
END GROUP
LOAD /home/bot-10/opt/gcc-arm-none-eabi-7-2017-q4-major/bin/../lib/gcc/arm-none-eabi/7.2.1/thumb/v7-m/crtend.o
LOAD /home/bot-10/opt/gcc-arm-none-eabi-7-2017-q4-major/bin/../lib/gcc/arm-none-eabi/7.2.1/thumb/v7-m/crtn.o
                0x0000000020005000                _estack = 0x20005000
                0x0000000000000200                _Min_Heap_Size = 0x200
                0x0000000000000400                _Min_Stack_Size = 0x400

.isr_vector     0x0000000008000000      0x10c
                0x0000000008000000                . = ALIGN (0x4)
 *(.isr_vector)
 .isr_vector    0x0000000008000000      0x10c build/startup_stm32f103xb.o
                0x0000000008000000                g_pfnVectors
                0x000000000800010c                . = ALIGN (0x4)

.text           0x000000000800010c     0x32c8
                0x000000000800010c                . = ALIGN (0x4)
 *(.text)
 .text          0x000000000800010c       0x40 /home/bot-10/opt/gcc-arm-none-eabi-7-2017-q4-major/bin/../lib/gcc/arm-none-eabi/7.2.1/thumb/v7-m/crtbegin.o
 .text          0x000000000800014c       0x10 /home/bot-10/opt/gcc-arm-none-eabi-7-2017-q4-major/bin/../lib/gcc/arm-none-eabi/7.2.1/../../../../arm-none-eabi/lib/thumb/v7-m/libc_nano.a(lib_a-strlen.o)
                0x000000000800014c                strlen
 *(.text*)
 .text.HAL_PCDEx_PMAConfig
                0x000000000800015c       0x30 build/stm32f1xx_hal_pcd_ex.o
                0x000000000800015c                HAL_PCDEx_PMAConfig
 .text.HAL_RCCEx_PeriphCLKConfig
                0x000000000800018c      0x180 build/stm32f1xx_hal_rcc_ex.o
                0x000000000800018c                HAL_RCCEx_PeriphCLKConfig
 .text._Error_Handler
                0x000000000800030c        0x2 build/main.o
                0x000000000800030c                _Error_Handler
 *fill*         0x000000000800030e        0x2 
 .text.SystemClock_Config
                0x0000000008000310       0x9c build/main.o
                0x0000000008000310                SystemClock_Config
 .text.main     0x00000000080003ac       0x3c build/main.o
                0x00000000080003ac                main
 .text.assert_failed
                0x00000000080003e8        0x2 build/main.o
                0x00000000080003e8                assert_failed
 *fill*         0x00000000080003ea        0x2 
 .text.HAL_GPIO_Init
                0x00000000080003ec      0x31c build/stm32f1xx_hal_gpio.o
                0x00000000080003ec                HAL_GPIO_Init
 .text.HAL_NVIC_SetPriorityGrouping
                0x0000000008000708       0x3c build/stm32f1xx_hal_cortex.o
                0x0000000008000708                HAL_NVIC_SetPriorityGrouping
 .text.HAL_NVIC_SetPriority
                0x0000000008000744       0x8c build/stm32f1xx_hal_cortex.o
                0x0000000008000744                HAL_NVIC_SetPriority
 .text.HAL_NVIC_EnableIRQ
                0x00000000080007d0       0x2c build/stm32f1xx_hal_cortex.o
                0x00000000080007d0                HAL_NVIC_EnableIRQ
 .text.HAL_SYSTICK_Config
                0x00000000080007fc       0x2c build/stm32f1xx_hal_cortex.o
                0x00000000080007fc                HAL_SYSTICK_Config
 .text.HAL_SYSTICK_CLKSourceConfig
                0x0000000008000828       0x3c build/stm32f1xx_hal_cortex.o
                0x0000000008000828                HAL_SYSTICK_CLKSourceConfig
 .text.HAL_SYSTICK_Callback
                0x0000000008000864        0x2 build/stm32f1xx_hal_cortex.o
                0x0000000008000864                HAL_SYSTICK_Callback
 .text.HAL_SYSTICK_IRQHandler
                0x0000000008000866        0x8 build/stm32f1xx_hal_cortex.o
                0x0000000008000866                HAL_SYSTICK_IRQHandler
 .text.USB_CoreInit
                0x000000000800086e        0xe build/stm32f1xx_ll_usb.o
                0x000000000800086e                USB_CoreInit
 .text.USB_EnableGlobalInt
                0x000000000800087c       0x10 build/stm32f1xx_ll_usb.o
                0x000000000800087c                USB_EnableGlobalInt
 .text.USB_DisableGlobalInt
                0x000000000800088c       0x14 build/stm32f1xx_ll_usb.o
                0x000000000800088c                USB_DisableGlobalInt
 .text.USB_SetCurrentMode
                0x00000000080008a0        0x4 build/stm32f1xx_ll_usb.o
                0x00000000080008a0                USB_SetCurrentMode
 .text.USB_DevInit
                0x00000000080008a4       0x2c build/stm32f1xx_ll_usb.o
                0x00000000080008a4                USB_DevInit
 .text.USB_ActivateEndpoint
                0x00000000080008d0      0x328 build/stm32f1xx_ll_usb.o
                0x00000000080008d0                USB_ActivateEndpoint
 .text.USB_DeactivateEndpoint
                0x0000000008000bf8      0x1c4 build/stm32f1xx_ll_usb.o
                0x0000000008000bf8                USB_DeactivateEndpoint
 .text.USB_EPSetStall
                0x0000000008000dbc       0x6e build/stm32f1xx_ll_usb.o
                0x0000000008000dbc                USB_EPSetStall
 .text.USB_EPClearStall
                0x0000000008000e2a       0x92 build/stm32f1xx_ll_usb.o
                0x0000000008000e2a                USB_EPClearStall
 .text.USB_SetDevAddress
                0x0000000008000ebc        0xc build/stm32f1xx_ll_usb.o
                0x0000000008000ebc                USB_SetDevAddress
 .text.USB_DevConnect
                0x0000000008000ec8        0x4 build/stm32f1xx_ll_usb.o
                0x0000000008000ec8                USB_DevConnect
 .text.USB_DevDisconnect
                0x0000000008000ecc        0x4 build/stm32f1xx_ll_usb.o
                0x0000000008000ecc                USB_DevDisconnect
 .text.USB_ReadInterrupts
                0x0000000008000ed0        0x6 build/stm32f1xx_ll_usb.o
                0x0000000008000ed0                USB_ReadInterrupts
 .text.USB_EP0_OutStart
                0x0000000008000ed6        0x4 build/stm32f1xx_ll_usb.o
                0x0000000008000ed6                USB_EP0_OutStart
 .text.USB_WritePMA
                0x0000000008000eda       0x2a build/stm32f1xx_ll_usb.o
                0x0000000008000eda                USB_WritePMA
 .text.USB_EPStartXfer
                0x0000000008000f04      0x2ba build/stm32f1xx_ll_usb.o
                0x0000000008000f04                USB_EPStartXfer
 .text.USB_ReadPMA
                0x00000000080011be       0x1e build/stm32f1xx_ll_usb.o
                0x00000000080011be                USB_ReadPMA
 .text.RCC_Delay
                0x00000000080011dc       0x2c build/stm32f1xx_hal_rcc.o
 .text.HAL_RCC_OscConfig
                0x0000000008001208      0x520 build/stm32f1xx_hal_rcc.o
                0x0000000008001208                HAL_RCC_OscConfig
 .text.HAL_RCC_GetSysClockFreq
                0x0000000008001728       0x70 build/stm32f1xx_hal_rcc.o
                0x0000000008001728                HAL_RCC_GetSysClockFreq
 .text.HAL_RCC_ClockConfig
                0x0000000008001798      0x240 build/stm32f1xx_hal_rcc.o
                0x0000000008001798                HAL_RCC_ClockConfig
 .text.HAL_RCC_GetHCLKFreq
                0x00000000080019d8        0xc build/stm32f1xx_hal_rcc.o
                0x00000000080019d8                HAL_RCC_GetHCLKFreq
 .text.NMI_Handler
                0x00000000080019e4        0x2 build/stm32f1xx_it.o
                0x00000000080019e4                NMI_Handler
 .text.HardFault_Handler
                0x00000000080019e6        0x2 build/stm32f1xx_it.o
                0x00000000080019e6                HardFault_Handler
 .text.MemManage_Handler
                0x00000000080019e8        0x2 build/stm32f1xx_it.o
                0x00000000080019e8                MemManage_Handler
 .text.BusFault_Handler
                0x00000000080019ea        0x2 build/stm32f1xx_it.o
                0x00000000080019ea                BusFault_Handler
 .text.UsageFault_Handler
                0x00000000080019ec        0x2 build/stm32f1xx_it.o
                0x00000000080019ec                UsageFault_Handler
 .text.SVC_Handler
                0x00000000080019ee        0x2 build/stm32f1xx_it.o
                0x00000000080019ee                SVC_Handler
 .text.DebugMon_Handler
                0x00000000080019f0        0x2 build/stm32f1xx_it.o
                0x00000000080019f0                DebugMon_Handler
 .text.PendSV_Handler
                0x00000000080019f2        0x2 build/stm32f1xx_it.o
                0x00000000080019f2                PendSV_Handler
 .text.SysTick_Handler
                0x00000000080019f4        0xc build/stm32f1xx_it.o
                0x00000000080019f4                SysTick_Handler
 .text.USB_HP_CAN1_TX_IRQHandler
                0x0000000008001a00       0x10 build/stm32f1xx_it.o
                0x0000000008001a00                USB_HP_CAN1_TX_IRQHandler
 .text.USB_LP_CAN1_RX0_IRQHandler
                0x0000000008001a10       0x10 build/stm32f1xx_it.o
                0x0000000008001a10                USB_LP_CAN1_RX0_IRQHandler
 .text.MX_GPIO_Init
                0x0000000008001a20       0x94 build/gpio.o
                0x0000000008001a20                MX_GPIO_Init
 .text.HAL_MspInit
                0x0000000008001ab4       0x90 build/stm32f1xx_hal_msp.o
                0x0000000008001ab4                HAL_MspInit
 .text.HAL_PCD_Init
                0x0000000008001b44       0xf0 build/stm32f1xx_hal_pcd.o
                0x0000000008001b44                HAL_PCD_Init
 .text.HAL_PCD_Start
                0x0000000008001c34       0x2e build/stm32f1xx_hal_pcd.o
                0x0000000008001c34                HAL_PCD_Start
 .text.HAL_PCD_SetAddress
                0x0000000008001c62       0x28 build/stm32f1xx_hal_pcd.o
                0x0000000008001c62                HAL_PCD_SetAddress
 .text.HAL_PCD_EP_Open
                0x0000000008001c8a       0x52 build/stm32f1xx_hal_pcd.o
                0x0000000008001c8a                HAL_PCD_EP_Open
 .text.HAL_PCD_EP_Close
                0x0000000008001cdc       0x4e build/stm32f1xx_hal_pcd.o
                0x0000000008001cdc                HAL_PCD_EP_Close
 .text.HAL_PCD_EP_Receive
                0x0000000008001d2a       0x3e build/stm32f1xx_hal_pcd.o
                0x0000000008001d2a                HAL_PCD_EP_Receive
 .text.HAL_PCD_EP_GetRxCount
                0x0000000008001d68        0xe build/stm32f1xx_hal_pcd.o
                0x0000000008001d68                HAL_PCD_EP_GetRxCount
 .text.HAL_PCD_EP_Transmit
                0x0000000008001d76       0x3c build/stm32f1xx_hal_pcd.o
                0x0000000008001d76                HAL_PCD_EP_Transmit
 .text.PCD_EP_ISR_Handler
                0x0000000008001db2      0x444 build/stm32f1xx_hal_pcd.o
 .text.HAL_PCD_IRQHandler
                0x00000000080021f6      0x160 build/stm32f1xx_hal_pcd.o
                0x00000000080021f6                HAL_PCD_IRQHandler
 .text.HAL_PCD_EP_SetStall
                0x0000000008002356       0x5c build/stm32f1xx_hal_pcd.o
                0x0000000008002356                HAL_PCD_EP_SetStall
 .text.HAL_PCD_EP_ClrStall
                0x00000000080023b2       0x4e build/stm32f1xx_hal_pcd.o
                0x00000000080023b2                HAL_PCD_EP_ClrStall
 .text.HAL_InitTick
                0x0000000008002400       0x4c build/stm32f1xx_hal.o
                0x0000000008002400                HAL_InitTick
 .text.HAL_Init
                0x000000000800244c       0x24 build/stm32f1xx_hal.o
                0x000000000800244c                HAL_Init
 .text.HAL_IncTick
                0x0000000008002470       0x18 build/stm32f1xx_hal.o
                0x0000000008002470                HAL_IncTick
 .text.HAL_GetTick
                0x0000000008002488        0xc build/stm32f1xx_hal.o
                0x0000000008002488                HAL_GetTick
 .text.SystemInit
                0x0000000008002494       0x4c build/system_stm32f1xx.o
                0x0000000008002494                SystemInit
 .text.HAL_PCD_MspInit
                0x00000000080024e0       0x50 build/usbd_conf.o
                0x00000000080024e0                HAL_PCD_MspInit
 .text.HAL_PCD_SetupStageCallback
                0x0000000008002530       0x10 build/usbd_conf.o
                0x0000000008002530                HAL_PCD_SetupStageCallback
 .text.HAL_PCD_DataOutStageCallback
                0x0000000008002540       0x14 build/usbd_conf.o
                0x0000000008002540                HAL_PCD_DataOutStageCallback
 .text.HAL_PCD_DataInStageCallback
                0x0000000008002554       0x12 build/usbd_conf.o
                0x0000000008002554                HAL_PCD_DataInStageCallback
 .text.HAL_PCD_SOFCallback
                0x0000000008002566        0xc build/usbd_conf.o
                0x0000000008002566                HAL_PCD_SOFCallback
 .text.HAL_PCD_ResetCallback
                0x0000000008002572       0x18 build/usbd_conf.o
                0x0000000008002572                HAL_PCD_ResetCallback
 *fill*         0x000000000800258a        0x2 
 .text.HAL_PCD_SuspendCallback
                0x000000000800258c       0x20 build/usbd_conf.o
                0x000000000800258c                HAL_PCD_SuspendCallback
 .text.HAL_PCD_ResumeCallback
                0x00000000080025ac        0xc build/usbd_conf.o
                0x00000000080025ac                HAL_PCD_ResumeCallback
 .text.USBD_LL_Init
                0x00000000080025b8       0x90 build/usbd_conf.o
                0x00000000080025b8                USBD_LL_Init
 .text.USBD_LL_Start
                0x0000000008002648       0x1c build/usbd_conf.o
                0x0000000008002648                USBD_LL_Start
 .text.USBD_LL_OpenEP
                0x0000000008002664       0x22 build/usbd_conf.o
                0x0000000008002664                USBD_LL_OpenEP
 .text.USBD_LL_CloseEP
                0x0000000008002686       0x1c build/usbd_conf.o
                0x0000000008002686                USBD_LL_CloseEP
 .text.USBD_LL_StallEP
                0x00000000080026a2       0x1c build/usbd_conf.o
                0x00000000080026a2                USBD_LL_StallEP
 .text.USBD_LL_ClearStallEP
                0x00000000080026be       0x1c build/usbd_conf.o
                0x00000000080026be                USBD_LL_ClearStallEP
 .text.USBD_LL_IsStallEP
                0x00000000080026da       0x26 build/usbd_conf.o
                0x00000000080026da                USBD_LL_IsStallEP
 .text.USBD_LL_SetUSBAddress
                0x0000000008002700       0x1c build/usbd_conf.o
                0x0000000008002700                USBD_LL_SetUSBAddress
 .text.USBD_LL_Transmit
                0x000000000800271c       0x1c build/usbd_conf.o
                0x000000000800271c                USBD_LL_Transmit
 .text.USBD_LL_PrepareReceive
                0x0000000008002738       0x1c build/usbd_conf.o
                0x0000000008002738                USBD_LL_PrepareReceive
 .text.USBD_LL_GetRxDataSize
                0x0000000008002754        0xc build/usbd_conf.o
                0x0000000008002754                USBD_LL_GetRxDataSize
 .text.USBD_static_malloc
                0x0000000008002760        0x8 build/usbd_conf.o
                0x0000000008002760                USBD_static_malloc
 .text.USBD_static_free
                0x0000000008002768        0x2 build/usbd_conf.o
                0x0000000008002768                USBD_static_free
 .text.HAL_PCDEx_SetConnectionState
                0x000000000800276a        0x2 build/usbd_conf.o
                0x000000000800276a                HAL_PCDEx_SetConnectionState
 .text.MX_USB_DEVICE_Init
                0x000000000800276c       0x38 build/usb_device.o
                0x000000000800276c                MX_USB_DEVICE_Init
 .text.USBD_CtlSendData
                0x00000000080027a4       0x1a build/usbd_ioreq.o
                0x00000000080027a4                USBD_CtlSendData
 .text.USBD_CtlContinueSendData
                0x00000000080027be       0x10 build/usbd_ioreq.o
                0x00000000080027be                USBD_CtlContinueSendData
 .text.USBD_CtlPrepareRx
                0x00000000080027ce       0x1e build/usbd_ioreq.o
                0x00000000080027ce                USBD_CtlPrepareRx
 .text.USBD_CtlContinueRx
                0x00000000080027ec       0x10 build/usbd_ioreq.o
                0x00000000080027ec                USBD_CtlContinueRx
 .text.USBD_CtlSendStatus
                0x00000000080027fc       0x16 build/usbd_ioreq.o
                0x00000000080027fc                USBD_CtlSendStatus
 .text.USBD_CtlReceiveStatus
                0x0000000008002812       0x16 build/usbd_ioreq.o
                0x0000000008002812                USBD_CtlReceiveStatus
 .text.USBD_GetLen
                0x0000000008002828       0x14 build/usbd_ctlreq.o
 .text.USBD_SetFeature
                0x000000000800283c       0x20 build/usbd_ctlreq.o
 .text.USBD_ParseSetupRequest
                0x000000000800285c       0x28 build/usbd_ctlreq.o
                0x000000000800285c                USBD_ParseSetupRequest
 .text.USBD_CtlError
                0x0000000008002884       0x14 build/usbd_ctlreq.o
                0x0000000008002884                USBD_CtlError
 .text.USBD_GetDescriptor
                0x0000000008002898      0x132 build/usbd_ctlreq.o
 .text.USBD_SetAddress
                0x00000000080029ca       0x4a build/usbd_ctlreq.o
 .text.USBD_SetConfig
                0x0000000008002a14       0xa4 build/usbd_ctlreq.o
 .text.USBD_GetConfig
                0x0000000008002ab8       0x3a build/usbd_ctlreq.o
 .text.USBD_GetStatus
                0x0000000008002af2       0x2c build/usbd_ctlreq.o
 .text.USBD_ClrFeature
                0x0000000008002b1e       0x30 build/usbd_ctlreq.o
 .text.USBD_StdDevReq
                0x0000000008002b4e       0x48 build/usbd_ctlreq.o
                0x0000000008002b4e                USBD_StdDevReq
 .text.USBD_StdItfReq
                0x0000000008002b96       0x38 build/usbd_ctlreq.o
                0x0000000008002b96                USBD_StdItfReq
 .text.USBD_StdEPReq
                0x0000000008002bce      0x118 build/usbd_ctlreq.o
                0x0000000008002bce                USBD_StdEPReq
 .text.USBD_GetString
                0x0000000008002ce6       0x3a build/usbd_ctlreq.o
                0x0000000008002ce6                USBD_GetString
 .text.CDC_DeInit_FS
                0x0000000008002d20        0x4 build/usbd_cdc_if.o
 .text.CDC_Control_FS
                0x0000000008002d24        0x4 build/usbd_cdc_if.o
 .text.CDC_Receive_FS
                0x0000000008002d28       0x1c build/usbd_cdc_if.o
 .text.CDC_Init_FS
                0x0000000008002d44       0x28 build/usbd_cdc_if.o
 .text.CDC_Transmit_FS
                0x0000000008002d6c       0x2c build/usbd_cdc_if.o
                0x0000000008002d6c                CDC_Transmit_FS
 .text.USBD_Init
                0x0000000008002d98       0x2e build/usbd_core.o
                0x0000000008002d98                USBD_Init
 .text.USBD_RegisterClass
                0x0000000008002dc6        0xe build/usbd_core.o
                0x0000000008002dc6                USBD_RegisterClass
 .text.USBD_Start
                0x0000000008002dd4        0xa build/usbd_core.o
                0x0000000008002dd4                USBD_Start
 .text.USBD_SetClassConfig
                0x0000000008002dde       0x1a build/usbd_core.o
                0x0000000008002dde                USBD_SetClassConfig
 .text.USBD_ClrClassConfig
                0x0000000008002df8        0xe build/usbd_core.o
                0x0000000008002df8                USBD_ClrClassConfig
 .text.USBD_LL_SetupStage
                0x0000000008002e06       0x5a build/usbd_core.o
                0x0000000008002e06                USBD_LL_SetupStage
 .text.USBD_LL_DataOutStage
                0x0000000008002e60       0x6a build/usbd_core.o
                0x0000000008002e60                USBD_LL_DataOutStage
 .text.USBD_LL_DataInStage
                0x0000000008002eca       0xb0 build/usbd_core.o
                0x0000000008002eca                USBD_LL_DataInStage
 .text.USBD_LL_Reset
                0x0000000008002f7a       0x3e build/usbd_core.o
                0x0000000008002f7a                USBD_LL_Reset
 .text.USBD_LL_SetSpeed
                0x0000000008002fb8        0x6 build/usbd_core.o
                0x0000000008002fb8                USBD_LL_SetSpeed
 .text.USBD_LL_Suspend
                0x0000000008002fbe       0x12 build/usbd_core.o
                0x0000000008002fbe                USBD_LL_Suspend
 .text.USBD_LL_Resume
                0x0000000008002fd0        0xc build/usbd_core.o
                0x0000000008002fd0                USBD_LL_Resume
 .text.USBD_LL_SOF
                0x0000000008002fdc       0x1c build/usbd_core.o
                0x0000000008002fdc                USBD_LL_SOF
 .text.USBD_FS_DeviceDescriptor
                0x0000000008002ff8        0xc build/usbd_desc.o
                0x0000000008002ff8                USBD_FS_DeviceDescriptor
 .text.USBD_FS_LangIDStrDescriptor
                0x0000000008003004        0xc build/usbd_desc.o
                0x0000000008003004                USBD_FS_LangIDStrDescriptor
 .text.USBD_FS_ProductStrDescriptor
                0x0000000008003010       0x24 build/usbd_desc.o
                0x0000000008003010                USBD_FS_ProductStrDescriptor
 .text.USBD_FS_ManufacturerStrDescriptor
                0x0000000008003034       0x1c build/usbd_desc.o
                0x0000000008003034                USBD_FS_ManufacturerStrDescriptor
 .text.USBD_FS_SerialStrDescriptor
                0x0000000008003050       0x24 build/usbd_desc.o
                0x0000000008003050                USBD_FS_SerialStrDescriptor
 .text.USBD_FS_ConfigStrDescriptor
                0x0000000008003074       0x24 build/usbd_desc.o
                0x0000000008003074                USBD_FS_ConfigStrDescriptor
 .text.USBD_FS_InterfaceStrDescriptor
                0x0000000008003098       0x24 build/usbd_desc.o
                0x0000000008003098                USBD_FS_InterfaceStrDescriptor
 .text.USBD_CDC_DataIn
                0x00000000080030bc       0x12 build/usbd_cdc.o
 .text.USBD_CDC_EP0_RxReady
                0x00000000080030ce       0x28 build/usbd_cdc.o
 *fill*         0x00000000080030f6        0x2 
 .text.USBD_CDC_GetFSCfgDesc
                0x00000000080030f8        0xc build/usbd_cdc.o
 .text.USBD_CDC_GetHSCfgDesc
                0x0000000008003104        0xc build/usbd_cdc.o
 .text.USBD_CDC_GetOtherSpeedCfgDesc
                0x0000000008003110        0xc build/usbd_cdc.o
 .text.USBD_CDC_GetDeviceQualifierDescriptor
                0x000000000800311c        0xc build/usbd_cdc.o
                0x000000000800311c                USBD_CDC_GetDeviceQualifierDescriptor
 .text.USBD_CDC_DataOut
                0x0000000008003128       0x2e build/usbd_cdc.o
 *fill*         0x0000000008003156        0x2 
 .text.USBD_CDC_Setup
                0x0000000008003158       0x74 build/usbd_cdc.o
 .text.USBD_CDC_DeInit
                0x00000000080031cc       0x3a build/usbd_cdc.o
 .text.USBD_CDC_Init
                0x0000000008003206       0x96 build/usbd_cdc.o
 .text.USBD_CDC_RegisterInterface
                0x000000000800329c        0xe build/usbd_cdc.o
                0x000000000800329c                USBD_CDC_RegisterInterface
 .text.USBD_CDC_SetTxBuffer
                0x00000000080032aa       0x10 build/usbd_cdc.o
                0x00000000080032aa                USBD_CDC_SetTxBuffer
 .text.USBD_CDC_SetRxBuffer
                0x00000000080032ba        0xc build/usbd_cdc.o
                0x00000000080032ba                USBD_CDC_SetRxBuffer
 .text.USBD_CDC_TransmitPacket
                0x00000000080032c6       0x2e build/usbd_cdc.o
                0x00000000080032c6                USBD_CDC_TransmitPacket
 .text.USBD_CDC_ReceivePacket
                0x00000000080032f4       0x32 build/usbd_cdc.o
                0x00000000080032f4                USBD_CDC_ReceivePacket
 *fill*         0x0000000008003326        0x2 
 .text.Reset_Handler
                0x0000000008003328       0x48 build/startup_stm32f103xb.o
                0x0000000008003328                Reset_Handler
 .text.Default_Handler
                0x0000000008003370        0x2 build/startup_stm32f103xb.o
                0x0000000008003370                RTC_Alarm_IRQHandler
                0x0000000008003370                EXTI2_IRQHandler
                0x0000000008003370                TIM1_CC_IRQHandler
                0x0000000008003370                PVD_IRQHandler
                0x0000000008003370                EXTI3_IRQHandler
                0x0000000008003370                EXTI0_IRQHandler
                0x0000000008003370                I2C2_EV_IRQHandler
                0x0000000008003370                ADC1_2_IRQHandler
                0x0000000008003370                SPI1_IRQHandler
                0x0000000008003370                TAMPER_IRQHandler
                0x0000000008003370                DMA1_Channel4_IRQHandler
                0x0000000008003370                USART3_IRQHandler
                0x0000000008003370                RTC_IRQHandler
                0x0000000008003370                DMA1_Channel7_IRQHandler
                0x0000000008003370                CAN1_RX1_IRQHandler
                0x0000000008003370                TIM4_IRQHandler
                0x0000000008003370                I2C1_EV_IRQHandler
                0x0000000008003370                DMA1_Channel6_IRQHandler
                0x0000000008003370                TIM3_IRQHandler
                0x0000000008003370                RCC_IRQHandler
                0x0000000008003370                TIM1_TRG_COM_IRQHandler
                0x0000000008003370                DMA1_Channel1_IRQHandler
                0x0000000008003370                Default_Handler
                0x0000000008003370                EXTI15_10_IRQHandler
                0x0000000008003370                EXTI9_5_IRQHandler
                0x0000000008003370                SPI2_IRQHandler
                0x0000000008003370                DMA1_Channel5_IRQHandler
                0x0000000008003370                EXTI4_IRQHandler
                0x0000000008003370                DMA1_Channel3_IRQHandler
                0x0000000008003370                TIM1_UP_IRQHandler
                0x0000000008003370                WWDG_IRQHandler
                0x0000000008003370                TIM2_IRQHandler
                0x0000000008003370                TIM1_BRK_IRQHandler
                0x0000000008003370                EXTI1_IRQHandler
                0x0000000008003370                USART2_IRQHandler
                0x0000000008003370                I2C2_ER_IRQHandler
                0x0000000008003370                DMA1_Channel2_IRQHandler
                0x0000000008003370                CAN1_SCE_IRQHandler
                0x0000000008003370                FLASH_IRQHandler
                0x0000000008003370                USART1_IRQHandler
                0x0000000008003370                I2C1_ER_IRQHandler
                0x0000000008003370                USBWakeUp_IRQHandler
 *fill*         0x0000000008003372        0x2 
 .text.__libc_init_array
                0x0000000008003374       0x48 /home/bot-10/opt/gcc-arm-none-eabi-7-2017-q4-major/bin/../lib/gcc/arm-none-eabi/7.2.1/../../../../arm-none-eabi/lib/thumb/v7-m/libc_nano.a(lib_a-init.o)
                0x0000000008003374                __libc_init_array
 *(.glue_7)
 .glue_7        0x00000000080033bc        0x0 linker stubs
 *(.glue_7t)
 .glue_7t       0x00000000080033bc        0x0 linker stubs
 *(.eh_frame)
 .eh_frame      0x00000000080033bc        0x0 /home/bot-10/opt/gcc-arm-none-eabi-7-2017-q4-major/bin/../lib/gcc/arm-none-eabi/7.2.1/thumb/v7-m/crtbegin.o
 *(.init)
 .init          0x00000000080033bc        0x4 /home/bot-10/opt/gcc-arm-none-eabi-7-2017-q4-major/bin/../lib/gcc/arm-none-eabi/7.2.1/thumb/v7-m/crti.o
                0x00000000080033bc                _init
 .init          0x00000000080033c0        0x8 /home/bot-10/opt/gcc-arm-none-eabi-7-2017-q4-major/bin/../lib/gcc/arm-none-eabi/7.2.1/thumb/v7-m/crtn.o
 *(.fini)
 .fini          0x00000000080033c8        0x4 /home/bot-10/opt/gcc-arm-none-eabi-7-2017-q4-major/bin/../lib/gcc/arm-none-eabi/7.2.1/thumb/v7-m/crti.o
                0x00000000080033c8                _fini
 .fini          0x00000000080033cc        0x8 /home/bot-10/opt/gcc-arm-none-eabi-7-2017-q4-major/bin/../lib/gcc/arm-none-eabi/7.2.1/thumb/v7-m/crtn.o
                0x00000000080033d4                . = ALIGN (0x4)
                0x00000000080033d4                _etext = .

.vfp11_veneer   0x00000000080033d4        0x0
 .vfp11_veneer  0x00000000080033d4        0x0 linker stubs

.v4_bx          0x00000000080033d4        0x0
 .v4_bx         0x00000000080033d4        0x0 linker stubs

.iplt           0x00000000080033d4        0x0
 .iplt          0x00000000080033d4        0x0 /home/bot-10/opt/gcc-arm-none-eabi-7-2017-q4-major/bin/../lib/gcc/arm-none-eabi/7.2.1/thumb/v7-m/crtbegin.o

.rodata         0x00000000080033d4      0x1b8
                0x00000000080033d4                . = ALIGN (0x4)
 *(.rodata)
 .rodata        0x00000000080033d4       0x12 build/stm32f1xx_hal_rcc.o
 *(.rodata*)
 *fill*         0x00000000080033e6        0x2 
 .rodata.HAL_RCCEx_PeriphCLKConfig.str1.4
                0x00000000080033e8       0x38 build/stm32f1xx_hal_rcc_ex.o
 .rodata.SystemClock_Config.str1.4
                0x0000000008003420        0xb build/main.o
 *fill*         0x000000000800342b        0x1 
 .rodata.main.str1.4
                0x000000000800342c        0x7 build/main.o
 *fill*         0x0000000008003433        0x1 
 .rodata.HAL_GPIO_Init.str1.4
                0x0000000008003434       0x36 build/stm32f1xx_hal_gpio.o
 *fill*         0x000000000800346a        0x2 
 .rodata.HAL_NVIC_SetPriorityGrouping.str1.4
                0x000000000800346c       0x38 build/stm32f1xx_hal_cortex.o
 .rodata.HAL_RCC_OscConfig.str1.4
                0x00000000080034a4       0x35 build/stm32f1xx_hal_rcc.o
 *fill*         0x00000000080034d9        0x3 
 .rodata.HAL_PCD_Init.str1.4
                0x00000000080034dc       0x35 build/stm32f1xx_hal_pcd.o
 *fill*         0x0000000008003511        0x3 
 .rodata.AHBPrescTable
                0x0000000008003514       0x10 build/system_stm32f1xx.o
                0x0000000008003514                AHBPrescTable
 .rodata.USBD_LL_Init.str1.4
                0x0000000008003524       0x10 build/usbd_conf.o
 .rodata.USBD_FS_ConfigStrDescriptor.str1.4
                0x0000000008003534        0xb build/usbd_desc.o
 *fill*         0x000000000800353f        0x1 
 .rodata.USBD_FS_InterfaceStrDescriptor.str1.4
                0x0000000008003540        0xe build/usbd_desc.o
 *fill*         0x000000000800354e        0x2 
 .rodata.USBD_FS_ManufacturerStrDescriptor.str1.4
                0x0000000008003550       0x13 build/usbd_desc.o
 *fill*         0x0000000008003563        0x1 
 .rodata.USBD_FS_ProductStrDescriptor.str1.4
                0x0000000008003564       0x16 build/usbd_desc.o
 *fill*         0x000000000800357a        0x2 
 .rodata.USBD_FS_SerialStrDescriptor.str1.4
                0x000000000800357c       0x10 build/usbd_desc.o
                                          0xd (size before relaxing)
                0x000000000800358c                . = ALIGN (0x4)

.rel.dyn        0x000000000800358c        0x0
 .rel.iplt      0x000000000800358c        0x0 /home/bot-10/opt/gcc-arm-none-eabi-7-2017-q4-major/bin/../lib/gcc/arm-none-eabi/7.2.1/thumb/v7-m/crtbegin.o

.ARM.extab
 *(.ARM.extab* .gnu.linkonce.armextab.*)

.ARM            0x000000000800358c        0x0
                0x000000000800358c                __exidx_start = .
 *(.ARM.exidx*)
                0x000000000800358c                __exidx_end = .

.preinit_array  0x000000000800358c        0x0
                0x000000000800358c                PROVIDE (__preinit_array_start, .)
 *(.preinit_array*)
                0x000000000800358c                PROVIDE (__preinit_array_end, .)

.init_array     0x000000000800358c        0x4
                0x000000000800358c                PROVIDE (__init_array_start, .)
 *(SORT_BY_NAME(.init_array.*))
 *(.init_array*)
 .init_array    0x000000000800358c        0x4 /home/bot-10/opt/gcc-arm-none-eabi-7-2017-q4-major/bin/../lib/gcc/arm-none-eabi/7.2.1/thumb/v7-m/crtbegin.o
                0x0000000008003590                PROVIDE (__init_array_end, .)

.fini_array     0x0000000008003590        0x4
                [!provide]                        PROVIDE (__fini_array_start, .)
 *(SORT_BY_NAME(.fini_array.*))
 *(.fini_array*)
 .fini_array    0x0000000008003590        0x4 /home/bot-10/opt/gcc-arm-none-eabi-7-2017-q4-major/bin/../lib/gcc/arm-none-eabi/7.2.1/thumb/v7-m/crtbegin.o
                [!provide]                        PROVIDE (__fini_array_end, .)
                0x0000000008003594                _sidata = LOADADDR (.data)

.data           0x0000000020000000      0x160 load address 0x0000000008003594
                0x0000000020000000                . = ALIGN (0x4)
                0x0000000020000000                _sdata = .
 *(.data)
 *(.data*)
 .data.uwTickFreq
                0x0000000020000000        0x1 build/stm32f1xx_hal.o
                0x0000000020000000                uwTickFreq
 *fill*         0x0000000020000001        0x3 
 .data.uwTickPrio
                0x0000000020000004        0x4 build/stm32f1xx_hal.o
                0x0000000020000004                uwTickPrio
 .data.SystemCoreClock
                0x0000000020000008        0x4 build/system_stm32f1xx.o
                0x0000000020000008                SystemCoreClock
 .data.USBD_Interface_fops_FS
                0x000000002000000c       0x10 build/usbd_cdc_if.o
                0x000000002000000c                USBD_Interface_fops_FS
 .data.FS_Desc  0x000000002000001c       0x1c build/usbd_desc.o
                0x000000002000001c                FS_Desc
 .data.USBD_FS_DeviceDesc
                0x0000000020000038       0x12 build/usbd_desc.o
                0x0000000020000038                USBD_FS_DeviceDesc
 *fill*         0x000000002000004a        0x2 
 .data.USBD_LangIDDesc
                0x000000002000004c        0x4 build/usbd_desc.o
                0x000000002000004c                USBD_LangIDDesc
 .data.USBD_CDC
                0x0000000020000050       0x38 build/usbd_cdc.o
                0x0000000020000050                USBD_CDC
 .data.USBD_CDC_CfgFSDesc
                0x0000000020000088       0x43 build/usbd_cdc.o
                0x0000000020000088                USBD_CDC_CfgFSDesc
 *fill*         0x00000000200000cb        0x1 
 .data.USBD_CDC_CfgHSDesc
                0x00000000200000cc       0x43 build/usbd_cdc.o
                0x00000000200000cc                USBD_CDC_CfgHSDesc
 *fill*         0x000000002000010f        0x1 
 .data.USBD_CDC_DeviceQualifierDesc
                0x0000000020000110        0xa build/usbd_cdc.o
 *fill*         0x000000002000011a        0x2 
 .data.USBD_CDC_OtherSpeedCfgDesc
                0x000000002000011c       0x43 build/usbd_cdc.o
                0x000000002000011c                USBD_CDC_OtherSpeedCfgDesc
                0x0000000020000160                . = ALIGN (0x4)
 *fill*         0x000000002000015f        0x1 
                0x0000000020000160                _edata = .

.igot.plt       0x0000000020000160        0x0 load address 0x00000000080036f4
 .igot.plt      0x0000000020000160        0x0 /home/bot-10/opt/gcc-arm-none-eabi-7-2017-q4-major/bin/../lib/gcc/arm-none-eabi/7.2.1/thumb/v7-m/crtbegin.o
                0x0000000020000160                . = ALIGN (0x4)

.bss            0x0000000020000160     0x1298 load address 0x00000000080036f4
                0x0000000020000160                _sbss = .
                0x0000000020000160                __bss_start__ = _sbss
 *(.bss)
 .bss           0x0000000020000160       0x1c /home/bot-10/opt/gcc-arm-none-eabi-7-2017-q4-major/bin/../lib/gcc/arm-none-eabi/7.2.1/thumb/v7-m/crtbegin.o
 *(.bss*)
 .bss.mem.7715  0x000000002000017c      0x220 build/usbd_conf.o
 .bss.cfgidx.7561
                0x000000002000039c        0x1 build/usbd_ctlreq.o
 .bss.ifalt.7556
                0x000000002000039d        0x1 build/usbd_cdc.o
 *(COMMON)
 *fill*         0x000000002000039e        0x2 
 COMMON         0x00000000200003a0        0x4 build/stm32f1xx_hal.o
                0x00000000200003a0                uwTick
 COMMON         0x00000000200003a4      0x460 build/usbd_conf.o
                0x00000000200003a4                hpcd_USB_FS
 COMMON         0x0000000020000804      0x224 build/usb_device.o
                0x0000000020000804                hUsbDeviceFS
 COMMON         0x0000000020000a28      0x7d0 build/usbd_cdc_if.o
                0x0000000020000a28                UserRxBufferFS
                0x0000000020000e10                UserTxBufferFS
 COMMON         0x00000000200011f8      0x200 build/usbd_desc.o
                0x00000000200011f8                USBD_StrDesc
                0x00000000200013f8                . = ALIGN (0x4)
                0x00000000200013f8                _ebss = .
                0x00000000200013f8                __bss_end__ = _ebss

._user_heap_stack
                0x00000000200013f8      0x600 load address 0x00000000080036f4
                0x00000000200013f8                . = ALIGN (0x8)
                [!provide]                        PROVIDE (end, .)
                [!provide]                        PROVIDE (_end, .)
                0x00000000200015f8                . = (. + _Min_Heap_Size)
 *fill*         0x00000000200013f8      0x200 
                0x00000000200019f8                . = (. + _Min_Stack_Size)
 *fill*         0x00000000200015f8      0x400 
                0x00000000200019f8                . = ALIGN (0x8)

/DISCARD/
 libc.a(*)
 libm.a(*)
 libgcc.a(*)

.ARM.attributes
                0x0000000000000000       0x29
 *(.ARM.attributes)
 .ARM.attributes
                0x0000000000000000       0x1d /home/bot-10/opt/gcc-arm-none-eabi-7-2017-q4-major/bin/../lib/gcc/arm-none-eabi/7.2.1/thumb/v7-m/crti.o
 .ARM.attributes
                0x000000000000001d       0x2d /home/bot-10/opt/gcc-arm-none-eabi-7-2017-q4-major/bin/../lib/gcc/arm-none-eabi/7.2.1/thumb/v7-m/crtbegin.o
 .ARM.attributes
                0x000000000000004a       0x33 build/stm32f1xx_hal_pcd_ex.o
 .ARM.attributes
                0x000000000000007d       0x33 build/stm32f1xx_hal_rcc_ex.o
 .ARM.attributes
                0x00000000000000b0       0x33 build/main.o
 .ARM.attributes
                0x00000000000000e3       0x33 build/stm32f1xx_hal_gpio.o
 .ARM.attributes
                0x0000000000000116       0x33 build/stm32f1xx_hal_cortex.o
 .ARM.attributes
                0x0000000000000149       0x33 build/stm32f1xx_ll_usb.o
 .ARM.attributes
                0x000000000000017c       0x33 build/stm32f1xx_hal_rcc.o
 .ARM.attributes
                0x00000000000001af       0x33 build/stm32f1xx_it.o
 .ARM.attributes
                0x00000000000001e2       0x33 build/gpio.o
 .ARM.attributes
                0x0000000000000215       0x33 build/stm32f1xx_hal_msp.o
 .ARM.attributes
                0x0000000000000248       0x33 build/stm32f1xx_hal_pcd.o
 .ARM.attributes
                0x000000000000027b       0x33 build/stm32f1xx_hal.o
 .ARM.attributes
                0x00000000000002ae       0x33 build/system_stm32f1xx.o
 .ARM.attributes
                0x00000000000002e1       0x33 build/usbd_conf.o
 .ARM.attributes
                0x0000000000000314       0x33 build/usb_device.o
 .ARM.attributes
                0x0000000000000347       0x33 build/usbd_ioreq.o
 .ARM.attributes
                0x000000000000037a       0x33 build/usbd_ctlreq.o
 .ARM.attributes
                0x00000000000003ad       0x33 build/usbd_cdc_if.o
 .ARM.attributes
                0x00000000000003e0       0x33 build/usbd_core.o
 .ARM.attributes
                0x0000000000000413       0x33 build/usbd_desc.o
 .ARM.attributes
                0x0000000000000446       0x33 build/usbd_cdc.o
 .ARM.attributes
                0x0000000000000479       0x21 build/startup_stm32f103xb.o
 .ARM.attributes
                0x000000000000049a       0x2d /home/bot-10/opt/gcc-arm-none-eabi-7-2017-q4-major/bin/../lib/gcc/arm-none-eabi/7.2.1/../../../../arm-none-eabi/lib/thumb/v7-m/libc_nano.a(lib_a-init.o)
 .ARM.attributes
                0x00000000000004c7       0x17 /home/bot-10/opt/gcc-arm-none-eabi-7-2017-q4-major/bin/../lib/gcc/arm-none-eabi/7.2.1/../../../../arm-none-eabi/lib/thumb/v7-m/libc_nano.a(lib_a-strlen.o)
 .ARM.attributes
                0x00000000000004de       0x1d /home/bot-10/opt/gcc-arm-none-eabi-7-2017-q4-major/bin/../lib/gcc/arm-none-eabi/7.2.1/thumb/v7-m/crtn.o
OUTPUT(build/USB_CDC_Project.elf elf32-littlearm)

.debug_info     0x0000000000000000    0x19b9f
 .debug_info    0x0000000000000000      0xf6d build/stm32f1xx_hal_pcd_ex.o
 .debug_info    0x0000000000000f6d      0xe22 build/stm32f1xx_hal_rcc_ex.o
 .debug_info    0x0000000000001d8f     0x14d8 build/main.o
 .debug_info    0x0000000000003267     0x11d8 build/stm32f1xx_hal_gpio.o
 .debug_info    0x000000000000443f     0x175a build/stm32f1xx_hal_cortex.o
 .debug_info    0x0000000000005b99     0x18ec build/stm32f1xx_ll_usb.o
 .debug_info    0x0000000000007485     0x1660 build/stm32f1xx_hal_rcc.o
 .debug_info    0x0000000000008ae5      0xfe8 build/stm32f1xx_it.o
 .debug_info    0x0000000000009acd      0xcae build/gpio.o
 .debug_info    0x000000000000a77b      0xddf build/stm32f1xx_hal_msp.o
 .debug_info    0x000000000000b55a     0x1c18 build/stm32f1xx_hal_pcd.o
 .debug_info    0x000000000000d172     0x1152 build/stm32f1xx_hal.o
 .debug_info    0x000000000000e2c4      0xd44 build/system_stm32f1xx.o
 .debug_info    0x000000000000f008     0x2398 build/usbd_conf.o
 .debug_info    0x00000000000113a0     0x1000 build/usb_device.o
 .debug_info    0x00000000000123a0     0x1152 build/usbd_ioreq.o
 .debug_info    0x00000000000134f2     0x180b build/usbd_ctlreq.o
 .debug_info    0x0000000000014cfd     0x123e build/usbd_cdc_if.o
 .debug_info    0x0000000000015f3b     0x167a build/usbd_core.o
 .debug_info    0x00000000000175b5      0xe80 build/usbd_desc.o
 .debug_info    0x0000000000018435     0x1748 build/usbd_cdc.o
 .debug_info    0x0000000000019b7d       0x22 build/startup_stm32f103xb.o

.debug_abbrev   0x0000000000000000     0x37da
 .debug_abbrev  0x0000000000000000      0x213 build/stm32f1xx_hal_pcd_ex.o
 .debug_abbrev  0x0000000000000213      0x2bc build/stm32f1xx_hal_rcc_ex.o
 .debug_abbrev  0x00000000000004cf      0x276 build/main.o
 .debug_abbrev  0x0000000000000745      0x2da build/stm32f1xx_hal_gpio.o
 .debug_abbrev  0x0000000000000a1f      0x3f1 build/stm32f1xx_hal_cortex.o
 .debug_abbrev  0x0000000000000e10      0x2da build/stm32f1xx_ll_usb.o
 .debug_abbrev  0x00000000000010ea      0x309 build/stm32f1xx_hal_rcc.o
 .debug_abbrev  0x00000000000013f3      0x1ff build/stm32f1xx_it.o
 .debug_abbrev  0x00000000000015f2      0x1f3 build/gpio.o
 .debug_abbrev  0x00000000000017e5      0x216 build/stm32f1xx_hal_msp.o
 .debug_abbrev  0x00000000000019fb      0x370 build/stm32f1xx_hal_pcd.o
 .debug_abbrev  0x0000000000001d6b      0x2f0 build/stm32f1xx_hal.o
 .debug_abbrev  0x000000000000205b      0x209 build/system_stm32f1xx.o
 .debug_abbrev  0x0000000000002264      0x335 build/usbd_conf.o
 .debug_abbrev  0x0000000000002599      0x1fa build/usb_device.o
 .debug_abbrev  0x0000000000002793      0x1f7 build/usbd_ioreq.o
 .debug_abbrev  0x000000000000298a      0x325 build/usbd_ctlreq.o
 .debug_abbrev  0x0000000000002caf      0x2c5 build/usbd_cdc_if.o
 .debug_abbrev  0x0000000000002f74      0x2c6 build/usbd_core.o
 .debug_abbrev  0x000000000000323a      0x259 build/usbd_desc.o
 .debug_abbrev  0x0000000000003493      0x335 build/usbd_cdc.o
 .debug_abbrev  0x00000000000037c8       0x12 build/startup_stm32f103xb.o

.debug_loc      0x0000000000000000     0x6a87
 .debug_loc     0x0000000000000000       0xf4 build/stm32f1xx_hal_pcd_ex.o
 .debug_loc     0x00000000000000f4      0x358 build/stm32f1xx_hal_rcc_ex.o
 .debug_loc     0x000000000000044c       0x72 build/main.o
 .debug_loc     0x00000000000004be      0x66c build/stm32f1xx_hal_gpio.o
 .debug_loc     0x0000000000000b2a      0x867 build/stm32f1xx_hal_cortex.o
 .debug_loc     0x0000000000001391      0xd39 build/stm32f1xx_ll_usb.o
 .debug_loc     0x00000000000020ca      0x769 build/stm32f1xx_hal_rcc.o
 .debug_loc     0x0000000000002833       0x60 build/stm32f1xx_it.o
 .debug_loc     0x0000000000002893       0x38 build/gpio.o
 .debug_loc     0x00000000000028cb       0x38 build/stm32f1xx_hal_msp.o
 .debug_loc     0x0000000000002903      0xd32 build/stm32f1xx_hal_pcd.o
 .debug_loc     0x0000000000003635      0x18e build/stm32f1xx_hal.o
 .debug_loc     0x00000000000037c3       0xdf build/system_stm32f1xx.o
 .debug_loc     0x00000000000038a2      0xecb build/usbd_conf.o
 .debug_loc     0x000000000000476d       0x20 build/usb_device.o
 .debug_loc     0x000000000000478d      0x31c build/usbd_ioreq.o
 .debug_loc     0x0000000000004aa9      0xcf4 build/usbd_ctlreq.o
 .debug_loc     0x000000000000579d      0x173 build/usbd_cdc_if.o
 .debug_loc     0x0000000000005910      0x884 build/usbd_core.o
 .debug_loc     0x0000000000006194      0x357 build/usbd_desc.o
 .debug_loc     0x00000000000064eb      0x59c build/usbd_cdc.o

.debug_aranges  0x0000000000000000      0x9d8
 .debug_aranges
                0x0000000000000000       0x28 build/stm32f1xx_hal_pcd_ex.o
 .debug_aranges
                0x0000000000000028       0x30 build/stm32f1xx_hal_rcc_ex.o
 .debug_aranges
                0x0000000000000058       0x38 build/main.o
 .debug_aranges
                0x0000000000000090       0x58 build/stm32f1xx_hal_gpio.o
 .debug_aranges
                0x00000000000000e8       0x90 build/stm32f1xx_hal_cortex.o
 .debug_aranges
                0x0000000000000178      0x100 build/stm32f1xx_ll_usb.o
 .debug_aranges
                0x0000000000000278       0x90 build/stm32f1xx_hal_rcc.o
 .debug_aranges
                0x0000000000000308       0x70 build/stm32f1xx_it.o
 .debug_aranges
                0x0000000000000378       0x20 build/gpio.o
 .debug_aranges
                0x0000000000000398       0x20 build/stm32f1xx_hal_msp.o
 .debug_aranges
                0x00000000000003b8      0x120 build/stm32f1xx_hal_pcd.o
 .debug_aranges
                0x00000000000004d8       0xd0 build/stm32f1xx_hal.o
 .debug_aranges
                0x00000000000005a8       0x28 build/system_stm32f1xx.o
 .debug_aranges
                0x00000000000005d0      0x110 build/usbd_conf.o
 .debug_aranges
                0x00000000000006e0       0x20 build/usb_device.o
 .debug_aranges
                0x0000000000000700       0x50 build/usbd_ioreq.o
 .debug_aranges
                0x0000000000000750       0x88 build/usbd_ctlreq.o
 .debug_aranges
                0x00000000000007d8       0x40 build/usbd_cdc_if.o
 .debug_aranges
                0x0000000000000818       0xb8 build/usbd_core.o
 .debug_aranges
                0x00000000000008d0       0x50 build/usbd_desc.o
 .debug_aranges
                0x0000000000000920       0x90 build/usbd_cdc.o
 .debug_aranges
                0x00000000000009b0       0x28 build/startup_stm32f103xb.o

.debug_ranges   0x0000000000000000      0xa38
 .debug_ranges  0x0000000000000000       0x18 build/stm32f1xx_hal_pcd_ex.o
 .debug_ranges  0x0000000000000018       0x38 build/stm32f1xx_hal_rcc_ex.o
 .debug_ranges  0x0000000000000050       0x28 build/main.o
 .debug_ranges  0x0000000000000078       0x48 build/stm32f1xx_hal_gpio.o
 .debug_ranges  0x00000000000000c0       0xe0 build/stm32f1xx_hal_cortex.o
 .debug_ranges  0x00000000000001a0      0x1e0 build/stm32f1xx_ll_usb.o
 .debug_ranges  0x0000000000000380       0xa0 build/stm32f1xx_hal_rcc.o
 .debug_ranges  0x0000000000000420       0x60 build/stm32f1xx_it.o
 .debug_ranges  0x0000000000000480       0x10 build/gpio.o
 .debug_ranges  0x0000000000000490       0x10 build/stm32f1xx_hal_msp.o
 .debug_ranges  0x00000000000004a0      0x140 build/stm32f1xx_hal_pcd.o
 .debug_ranges  0x00000000000005e0       0xc0 build/stm32f1xx_hal.o
 .debug_ranges  0x00000000000006a0       0x18 build/system_stm32f1xx.o
 .debug_ranges  0x00000000000006b8      0x100 build/usbd_conf.o
 .debug_ranges  0x00000000000007b8       0x10 build/usb_device.o
 .debug_ranges  0x00000000000007c8       0x40 build/usbd_ioreq.o
 .debug_ranges  0x0000000000000808       0x78 build/usbd_ctlreq.o
 .debug_ranges  0x0000000000000880       0x30 build/usbd_cdc_if.o
 .debug_ranges  0x00000000000008b0       0xa8 build/usbd_core.o
 .debug_ranges  0x0000000000000958       0x40 build/usbd_desc.o
 .debug_ranges  0x0000000000000998       0x80 build/usbd_cdc.o
 .debug_ranges  0x0000000000000a18       0x20 build/startup_stm32f103xb.o

.debug_line     0x0000000000000000     0x5915
 .debug_line    0x0000000000000000      0x2a4 build/stm32f1xx_hal_pcd_ex.o
 .debug_line    0x00000000000002a4      0x3b1 build/stm32f1xx_hal_rcc_ex.o
 .debug_line    0x0000000000000655      0x3f4 build/main.o
 .debug_line    0x0000000000000a49      0x54a build/stm32f1xx_hal_gpio.o
 .debug_line    0x0000000000000f93      0x451 build/stm32f1xx_hal_cortex.o
 .debug_line    0x00000000000013e4      0x69f build/stm32f1xx_ll_usb.o
 .debug_line    0x0000000000001a83      0x727 build/stm32f1xx_hal_rcc.o
 .debug_line    0x00000000000021aa      0x337 build/stm32f1xx_it.o
 .debug_line    0x00000000000024e1      0x23a build/gpio.o
 .debug_line    0x000000000000271b      0x245 build/stm32f1xx_hal_msp.o
 .debug_line    0x0000000000002960      0x793 build/stm32f1xx_hal_pcd.o
 .debug_line    0x00000000000030f3      0x456 build/stm32f1xx_hal.o
 .debug_line    0x0000000000003549      0x24f build/system_stm32f1xx.o
 .debug_line    0x0000000000003798      0x643 build/usbd_conf.o
 .debug_line    0x0000000000003ddb      0x308 build/usb_device.o
 .debug_line    0x00000000000040e3      0x32e build/usbd_ioreq.o
 .debug_line    0x0000000000004411      0x4d9 build/usbd_ctlreq.o
 .debug_line    0x00000000000048ea      0x32a build/usbd_cdc_if.o
 .debug_line    0x0000000000004c14      0x4cc build/usbd_core.o
 .debug_line    0x00000000000050e0      0x31d build/usbd_desc.o
 .debug_line    0x00000000000053fd      0x4a6 build/usbd_cdc.o
 .debug_line    0x00000000000058a3       0x72 build/startup_stm32f103xb.o

.debug_str      0x0000000000000000     0x2c48
 .debug_str     0x0000000000000000      0x8b0 build/stm32f1xx_hal_pcd_ex.o
                                        0x94c (size before relaxing)
 .debug_str     0x00000000000008b0      0x20f build/stm32f1xx_hal_rcc_ex.o
                                        0x7f0 (size before relaxing)
 .debug_str     0x0000000000000abf      0x833 build/main.o
                                        0xf53 (size before relaxing)
 .debug_str     0x00000000000012f2      0x1b4 build/stm32f1xx_hal_gpio.o
                                        0x835 (size before relaxing)
 .debug_str     0x00000000000014a6      0x2ca build/stm32f1xx_hal_cortex.o
                                        0xcc8 (size before relaxing)
 .debug_str     0x0000000000001770      0x355 build/stm32f1xx_ll_usb.o
                                        0xb1f (size before relaxing)
 .debug_str     0x0000000000001ac5      0x186 build/stm32f1xx_hal_rcc.o
                                        0xa0c (size before relaxing)
 .debug_str     0x0000000000001c4b      0x103 build/stm32f1xx_it.o
                                        0x9aa (size before relaxing)
 .debug_str     0x0000000000001d4e       0x1b build/gpio.o
                                        0x66b (size before relaxing)
 .debug_str     0x0000000000001d69       0x24 build/stm32f1xx_hal_msp.o
                                        0x942 (size before relaxing)
 .debug_str     0x0000000000001d8d      0x30b build/stm32f1xx_hal_pcd.o
                                        0xe2f (size before relaxing)
 .debug_str     0x0000000000002098      0x23c build/stm32f1xx_hal.o
                                        0xc1a (size before relaxing)
 .debug_str     0x00000000000022d4       0x4a build/system_stm32f1xx.o
                                        0x690 (size before relaxing)
 .debug_str     0x000000000000231e      0x279 build/usbd_conf.o
                                       0x151e (size before relaxing)
 .debug_str     0x0000000000002597       0x5c build/usb_device.o
                                        0xa1d (size before relaxing)
 .debug_str     0x00000000000025f3       0xc6 build/usbd_ioreq.o
                                        0xa84 (size before relaxing)
 .debug_str     0x00000000000026b9      0x158 build/usbd_ctlreq.o
                                        0xb57 (size before relaxing)
 .debug_str     0x0000000000002811      0x113 build/usbd_cdc_if.o
                                        0xb17 (size before relaxing)
 .debug_str     0x0000000000002924       0x71 build/usbd_core.o
                                        0xc3d (size before relaxing)
 .debug_str     0x0000000000002995      0x10b build/usbd_desc.o
                                        0x7f8 (size before relaxing)
 .debug_str     0x0000000000002aa0      0x183 build/usbd_cdc.o
                                        0xccb (size before relaxing)
 .debug_str     0x0000000000002c23       0x25 build/startup_stm32f103xb.o
                                         0x50 (size before relaxing)

.comment        0x0000000000000000       0x7e
 .comment       0x0000000000000000       0x7e build/stm32f1xx_hal_pcd_ex.o
                                         0x7f (size before relaxing)
 .comment       0x000000000000007e       0x7f build/stm32f1xx_hal_rcc_ex.o
 .comment       0x000000000000007e       0x7f build/main.o
 .comment       0x000000000000007e       0x7f build/stm32f1xx_hal_gpio.o
 .comment       0x000000000000007e       0x7f build/stm32f1xx_hal_cortex.o
 .comment       0x000000000000007e       0x7f build/stm32f1xx_ll_usb.o
 .comment       0x000000000000007e       0x7f build/stm32f1xx_hal_rcc.o
 .comment       0x000000000000007e       0x7f build/stm32f1xx_it.o
 .comment       0x000000000000007e       0x7f build/gpio.o
 .comment       0x000000000000007e       0x7f build/stm32f1xx_hal_msp.o
 .comment       0x000000000000007e       0x7f build/stm32f1xx_hal_pcd.o
 .comment       0x000000000000007e       0x7f build/stm32f1xx_hal.o
 .comment       0x000000000000007e       0x7f build/system_stm32f1xx.o
 .comment       0x000000000000007e       0x7f build/usbd_conf.o
 .comment       0x000000000000007e       0x7f build/usb_device.o
 .comment       0x000000000000007e       0x7f build/usbd_ioreq.o
 .comment       0x000000000000007e       0x7f build/usbd_ctlreq.o
 .comment       0x000000000000007e       0x7f build/usbd_cdc_if.o
 .comment       0x000000000000007e       0x7f build/usbd_core.o
 .comment       0x000000000000007e       0x7f build/usbd_desc.o
 .comment       0x000000000000007e       0x7f build/usbd_cdc.o

.debug_frame    0x0000000000000000     0x18f8
 .debug_frame   0x0000000000000000       0x30 build/stm32f1xx_hal_pcd_ex.o
 .debug_frame   0x0000000000000030       0x74 build/stm32f1xx_hal_rcc_ex.o
 .debug_frame   0x00000000000000a4       0x6c build/main.o
 .debug_frame   0x0000000000000110      0x11c build/stm32f1xx_hal_gpio.o
 .debug_frame   0x000000000000022c      0x194 build/stm32f1xx_hal_cortex.o
 .debug_frame   0x00000000000003c0      0x250 build/stm32f1xx_ll_usb.o
 .debug_frame   0x0000000000000610      0x1b4 build/stm32f1xx_hal_rcc.o
 .debug_frame   0x00000000000007c4       0xe4 build/stm32f1xx_it.o
 .debug_frame   0x00000000000008a8       0x30 build/gpio.o
 .debug_frame   0x00000000000008d8       0x2c build/stm32f1xx_hal_msp.o
 .debug_frame   0x0000000000000904      0x350 build/stm32f1xx_hal_pcd.o
 .debug_frame   0x0000000000000c54      0x1c0 build/stm32f1xx_hal.o
 .debug_frame   0x0000000000000e14       0x30 build/system_stm32f1xx.o
 .debug_frame   0x0000000000000e44      0x344 build/usbd_conf.o
 .debug_frame   0x0000000000001188       0x2c build/usb_device.o
 .debug_frame   0x00000000000011b4       0xd4 build/usbd_ioreq.o
 .debug_frame   0x0000000000001288      0x1b0 build/usbd_ctlreq.o
 .debug_frame   0x0000000000001438       0x84 build/usbd_cdc_if.o
 .debug_frame   0x00000000000014bc      0x1ec build/usbd_core.o
 .debug_frame   0x00000000000016a8       0xbc build/usbd_desc.o
 .debug_frame   0x0000000000001764      0x168 build/usbd_cdc.o
 .debug_frame   0x00000000000018cc       0x2c /home/bot-10/opt/gcc-arm-none-eabi-7-2017-q4-major/bin/../lib/gcc/arm-none-eabi/7.2.1/../../../../arm-none-eabi/lib/thumb/v7-m/libc_nano.a(lib_a-init.o)

Cross Reference Table

Symbol                                            File
ADC1_2_IRQHandler                                 build/startup_stm32f103xb.o
AHBPrescTable                                     build/system_stm32f1xx.o
                                                  build/stm32f1xx_hal_rcc.o
APBPrescTable                                     build/system_stm32f1xx.o
                                                  build/stm32f1xx_hal_rcc.o
BusFault_Handler                                  build/stm32f1xx_it.o
CAN1_RX1_IRQHandler                               build/startup_stm32f103xb.o
CAN1_SCE_IRQHandler                               build/startup_stm32f103xb.o
CDC_Transmit_FS                                   build/usbd_cdc_if.o
                                                  build/main.o
DMA1_Channel1_IRQHandler                          build/startup_stm32f103xb.o
DMA1_Channel2_IRQHandler                          build/startup_stm32f103xb.o
DMA1_Channel3_IRQHandler                          build/startup_stm32f103xb.o
DMA1_Channel4_IRQHandler                          build/startup_stm32f103xb.o
DMA1_Channel5_IRQHandler                          build/startup_stm32f103xb.o
DMA1_Channel6_IRQHandler                          build/startup_stm32f103xb.o
DMA1_Channel7_IRQHandler                          build/startup_stm32f103xb.o
DebugMon_Handler                                  build/stm32f1xx_it.o
Default_Handler                                   build/startup_stm32f103xb.o
EXTI0_IRQHandler                                  build/startup_stm32f103xb.o
EXTI15_10_IRQHandler                              build/startup_stm32f103xb.o
EXTI1_IRQHandler                                  build/startup_stm32f103xb.o
EXTI2_IRQHandler                                  build/startup_stm32f103xb.o
EXTI3_IRQHandler                                  build/startup_stm32f103xb.o
EXTI4_IRQHandler                                  build/startup_stm32f103xb.o
EXTI9_5_IRQHandler                                build/startup_stm32f103xb.o
FLASH_IRQHandler                                  build/startup_stm32f103xb.o
FLASH_PageErase                                   build/stm32f1xx_hal_flash_ex.o
                                                  build/stm32f1xx_hal_flash.o
FLASH_WaitForLastOperation                        build/stm32f1xx_hal_flash.o
                                                  build/stm32f1xx_hal_flash_ex.o
FS_Desc                                           build/usbd_desc.o
                                                  build/usb_device.o
HAL_DBGMCU_DisableDBGSleepMode                    build/stm32f1xx_hal.o
HAL_DBGMCU_DisableDBGStandbyMode                  build/stm32f1xx_hal.o
HAL_DBGMCU_DisableDBGStopMode                     build/stm32f1xx_hal.o
HAL_DBGMCU_EnableDBGSleepMode                     build/stm32f1xx_hal.o
HAL_DBGMCU_EnableDBGStandbyMode                   build/stm32f1xx_hal.o
HAL_DBGMCU_EnableDBGStopMode                      build/stm32f1xx_hal.o
HAL_DMA_Abort                                     build/stm32f1xx_hal_dma.o
HAL_DMA_Abort_IT                                  build/stm32f1xx_hal_dma.o
HAL_DMA_DeInit                                    build/stm32f1xx_hal_dma.o
HAL_DMA_GetError                                  build/stm32f1xx_hal_dma.o
HAL_DMA_GetState                                  build/stm32f1xx_hal_dma.o
HAL_DMA_IRQHandler                                build/stm32f1xx_hal_dma.o
HAL_DMA_Init                                      build/stm32f1xx_hal_dma.o
HAL_DMA_PollForTransfer                           build/stm32f1xx_hal_dma.o
HAL_DMA_RegisterCallback                          build/stm32f1xx_hal_dma.o
HAL_DMA_Start                                     build/stm32f1xx_hal_dma.o
HAL_DMA_Start_IT                                  build/stm32f1xx_hal_dma.o
HAL_DMA_UnRegisterCallback                        build/stm32f1xx_hal_dma.o
HAL_DeInit                                        build/stm32f1xx_hal.o
HAL_Delay                                         build/stm32f1xx_hal.o
                                                  build/usbd_conf.o
HAL_FLASHEx_Erase                                 build/stm32f1xx_hal_flash_ex.o
HAL_FLASHEx_Erase_IT                              build/stm32f1xx_hal_flash_ex.o
HAL_FLASHEx_OBErase                               build/stm32f1xx_hal_flash_ex.o
HAL_FLASHEx_OBGetConfig                           build/stm32f1xx_hal_flash_ex.o
HAL_FLASHEx_OBGetUserData                         build/stm32f1xx_hal_flash_ex.o
HAL_FLASHEx_OBProgram                             build/stm32f1xx_hal_flash_ex.o
HAL_FLASH_EndOfOperationCallback                  build/stm32f1xx_hal_flash.o
HAL_FLASH_GetError                                build/stm32f1xx_hal_flash.o
HAL_FLASH_IRQHandler                              build/stm32f1xx_hal_flash.o
HAL_FLASH_Lock                                    build/stm32f1xx_hal_flash.o
HAL_FLASH_OB_Launch                               build/stm32f1xx_hal_flash.o
HAL_FLASH_OB_Lock                                 build/stm32f1xx_hal_flash.o
HAL_FLASH_OB_Unlock                               build/stm32f1xx_hal_flash.o
HAL_FLASH_OperationErrorCallback                  build/stm32f1xx_hal_flash.o
HAL_FLASH_Program                                 build/stm32f1xx_hal_flash.o
HAL_FLASH_Program_IT                              build/stm32f1xx_hal_flash.o
HAL_FLASH_Unlock                                  build/stm32f1xx_hal_flash.o
HAL_GPIOEx_ConfigEventout                         build/stm32f1xx_hal_gpio_ex.o
HAL_GPIOEx_DisableEventout                        build/stm32f1xx_hal_gpio_ex.o
HAL_GPIOEx_EnableEventout                         build/stm32f1xx_hal_gpio_ex.o
HAL_GPIO_DeInit                                   build/stm32f1xx_hal_gpio.o
HAL_GPIO_EXTI_Callback                            build/stm32f1xx_hal_gpio.o
HAL_GPIO_EXTI_IRQHandler                          build/stm32f1xx_hal_gpio.o
HAL_GPIO_Init                                     build/stm32f1xx_hal_gpio.o
                                                  build/gpio.o
                                                  build/stm32f1xx_hal_rcc.o
HAL_GPIO_LockPin                                  build/stm32f1xx_hal_gpio.o
HAL_GPIO_ReadPin                                  build/stm32f1xx_hal_gpio.o
HAL_GPIO_TogglePin                                build/stm32f1xx_hal_gpio.o
HAL_GPIO_WritePin                                 build/stm32f1xx_hal_gpio.o
HAL_GetDEVID                                      build/stm32f1xx_hal.o
HAL_GetHalVersion                                 build/stm32f1xx_hal.o
HAL_GetREVID                                      build/stm32f1xx_hal.o
HAL_GetTick                                       build/stm32f1xx_hal.o
                                                  build/stm32f1xx_hal_dma.o
                                                  build/stm32f1xx_hal_rcc.o
                                                  build/stm32f1xx_hal_rcc_ex.o
                                                  build/stm32f1xx_hal_flash.o
HAL_GetTickFreq                                   build/stm32f1xx_hal.o
HAL_GetTickPrio                                   build/stm32f1xx_hal.o
HAL_GetUID                                        build/stm32f1xx_hal.o
HAL_IncTick                                       build/stm32f1xx_hal.o
                                                  build/stm32f1xx_it.o
HAL_Init                                          build/stm32f1xx_hal.o
                                                  build/main.o
HAL_InitTick                                      build/stm32f1xx_hal.o
                                                  build/stm32f1xx_hal_rcc.o
HAL_MspDeInit                                     build/stm32f1xx_hal.o
HAL_MspInit                                       build/stm32f1xx_hal_msp.o
HAL_NVIC_ClearPendingIRQ                          build/stm32f1xx_hal_cortex.o
HAL_NVIC_DisableIRQ                               build/stm32f1xx_hal_cortex.o
                                                  build/usbd_conf.o
HAL_NVIC_EnableIRQ                                build/stm32f1xx_hal_cortex.o
                                                  build/usbd_conf.o
HAL_NVIC_GetActive                                build/stm32f1xx_hal_cortex.o
HAL_NVIC_GetPendingIRQ                            build/stm32f1xx_hal_cortex.o
HAL_NVIC_GetPriority                              build/stm32f1xx_hal_cortex.o
HAL_NVIC_GetPriorityGrouping                      build/stm32f1xx_hal_cortex.o
HAL_NVIC_SetPendingIRQ                            build/stm32f1xx_hal_cortex.o
HAL_NVIC_SetPriority                              build/stm32f1xx_hal_cortex.o
                                                  build/usbd_conf.o
                                                  build/stm32f1xx_hal.o
                                                  build/stm32f1xx_hal_msp.o
                                                  build/main.o
HAL_NVIC_SetPriorityGrouping                      build/stm32f1xx_hal_cortex.o
                                                  build/stm32f1xx_hal.o
                                                  build/stm32f1xx_hal_msp.o
HAL_NVIC_SystemReset                              build/stm32f1xx_hal_cortex.o
                                                  build/stm32f1xx_hal_flash.o
HAL_PCDEx_PMAConfig                               build/stm32f1xx_hal_pcd_ex.o
                                                  build/usbd_conf.o
HAL_PCDEx_SetConnectionState                      build/usbd_conf.o
                                                  build/stm32f1xx_hal_pcd_ex.o
                                                  build/stm32f1xx_hal_pcd.o
HAL_PCD_ActivateRemoteWakeup                      build/stm32f1xx_hal_pcd.o
HAL_PCD_ConnectCallback                           build/usbd_conf.o
                                                  build/stm32f1xx_hal_pcd.o
HAL_PCD_DataInStageCallback                       build/usbd_conf.o
                                                  build/stm32f1xx_hal_pcd.o
HAL_PCD_DataOutStageCallback                      build/usbd_conf.o
                                                  build/stm32f1xx_hal_pcd.o
HAL_PCD_DeActivateRemoteWakeup                    build/stm32f1xx_hal_pcd.o
HAL_PCD_DeInit                                    build/stm32f1xx_hal_pcd.o
                                                  build/usbd_conf.o
HAL_PCD_DevConnect                                build/stm32f1xx_hal_pcd.o
HAL_PCD_DevDisconnect                             build/stm32f1xx_hal_pcd.o
HAL_PCD_DisconnectCallback                        build/usbd_conf.o
                                                  build/stm32f1xx_hal_pcd.o
HAL_PCD_EP_Close                                  build/stm32f1xx_hal_pcd.o
                                                  build/usbd_conf.o
HAL_PCD_EP_ClrStall                               build/stm32f1xx_hal_pcd.o
                                                  build/usbd_conf.o
HAL_PCD_EP_Flush                                  build/stm32f1xx_hal_pcd.o
                                                  build/usbd_conf.o
HAL_PCD_EP_GetRxCount                             build/stm32f1xx_hal_pcd.o
                                                  build/usbd_conf.o
HAL_PCD_EP_Open                                   build/stm32f1xx_hal_pcd.o
                                                  build/usbd_conf.o
HAL_PCD_EP_Receive                                build/stm32f1xx_hal_pcd.o
                                                  build/usbd_conf.o
HAL_PCD_EP_SetStall                               build/stm32f1xx_hal_pcd.o
                                                  build/usbd_conf.o
HAL_PCD_EP_Transmit                               build/stm32f1xx_hal_pcd.o
                                                  build/usbd_conf.o
HAL_PCD_GetState                                  build/stm32f1xx_hal_pcd.o
HAL_PCD_IRQHandler                                build/stm32f1xx_hal_pcd.o
                                                  build/stm32f1xx_it.o
HAL_PCD_ISOINIncompleteCallback                   build/usbd_conf.o
                                                  build/stm32f1xx_hal_pcd.o
HAL_PCD_ISOOUTIncompleteCallback                  build/usbd_conf.o
                                                  build/stm32f1xx_hal_pcd.o
HAL_PCD_Init                                      build/stm32f1xx_hal_pcd.o
                                                  build/usbd_conf.o
HAL_PCD_MspDeInit                                 build/usbd_conf.o
                                                  build/stm32f1xx_hal_pcd.o
HAL_PCD_MspInit                                   build/usbd_conf.o
                                                  build/stm32f1xx_hal_pcd.o
HAL_PCD_ResetCallback                             build/usbd_conf.o
                                                  build/stm32f1xx_hal_pcd.o
HAL_PCD_ResumeCallback                            build/usbd_conf.o
                                                  build/stm32f1xx_hal_pcd.o
HAL_PCD_SOFCallback                               build/usbd_conf.o
                                                  build/stm32f1xx_hal_pcd.o
HAL_PCD_SetAddress                                build/stm32f1xx_hal_pcd.o
                                                  build/usbd_conf.o
HAL_PCD_SetupStageCallback                        build/usbd_conf.o
                                                  build/stm32f1xx_hal_pcd.o
HAL_PCD_Start                                     build/stm32f1xx_hal_pcd.o
                                                  build/usbd_conf.o
HAL_PCD_Stop                                      build/stm32f1xx_hal_pcd.o
                                                  build/usbd_conf.o
HAL_PCD_SuspendCallback                           build/usbd_conf.o
                                                  build/stm32f1xx_hal_pcd.o
HAL_PWR_ConfigPVD                                 build/stm32f1xx_hal_pwr.o
HAL_PWR_DeInit                                    build/stm32f1xx_hal_pwr.o
HAL_PWR_DisableBkUpAccess                         build/stm32f1xx_hal_pwr.o
HAL_PWR_DisablePVD                                build/stm32f1xx_hal_pwr.o
HAL_PWR_DisableSEVOnPend                          build/stm32f1xx_hal_pwr.o
HAL_PWR_DisableSleepOnExit                        build/stm32f1xx_hal_pwr.o
HAL_PWR_DisableWakeUpPin                          build/stm32f1xx_hal_pwr.o
HAL_PWR_EnableBkUpAccess                          build/stm32f1xx_hal_pwr.o
HAL_PWR_EnablePVD                                 build/stm32f1xx_hal_pwr.o
HAL_PWR_EnableSEVOnPend                           build/stm32f1xx_hal_pwr.o
HAL_PWR_EnableSleepOnExit                         build/stm32f1xx_hal_pwr.o
HAL_PWR_EnableWakeUpPin                           build/stm32f1xx_hal_pwr.o
HAL_PWR_EnterSLEEPMode                            build/stm32f1xx_hal_pwr.o
HAL_PWR_EnterSTANDBYMode                          build/stm32f1xx_hal_pwr.o
HAL_PWR_EnterSTOPMode                             build/stm32f1xx_hal_pwr.o
HAL_PWR_PVDCallback                               build/stm32f1xx_hal_pwr.o
HAL_PWR_PVD_IRQHandler                            build/stm32f1xx_hal_pwr.o
HAL_RCCEx_GetPeriphCLKConfig                      build/stm32f1xx_hal_rcc_ex.o
HAL_RCCEx_GetPeriphCLKFreq                        build/stm32f1xx_hal_rcc_ex.o
HAL_RCCEx_PeriphCLKConfig                         build/stm32f1xx_hal_rcc_ex.o
                                                  build/main.o
HAL_RCC_CSSCallback                               build/stm32f1xx_hal_rcc.o
HAL_RCC_ClockConfig                               build/stm32f1xx_hal_rcc.o
                                                  build/main.o
HAL_RCC_DeInit                                    build/stm32f1xx_hal_rcc.o
HAL_RCC_DisableCSS                                build/stm32f1xx_hal_rcc.o
HAL_RCC_EnableCSS                                 build/stm32f1xx_hal_rcc.o
HAL_RCC_GetClockConfig                            build/stm32f1xx_hal_rcc.o
HAL_RCC_GetHCLKFreq                               build/stm32f1xx_hal_rcc.o
                                                  build/main.o
HAL_RCC_GetOscConfig                              build/stm32f1xx_hal_rcc.o
HAL_RCC_GetPCLK1Freq                              build/stm32f1xx_hal_rcc.o
HAL_RCC_GetPCLK2Freq                              build/stm32f1xx_hal_rcc.o
                                                  build/stm32f1xx_hal_rcc_ex.o
HAL_RCC_GetSysClockFreq                           build/stm32f1xx_hal_rcc.o
HAL_RCC_MCOConfig                                 build/stm32f1xx_hal_rcc.o
HAL_RCC_NMI_IRQHandler                            build/stm32f1xx_hal_rcc.o
HAL_RCC_OscConfig                                 build/stm32f1xx_hal_rcc.o
                                                  build/main.o
HAL_ResumeTick                                    build/stm32f1xx_hal.o
HAL_SYSTICK_CLKSourceConfig                       build/stm32f1xx_hal_cortex.o
                                                  build/main.o
HAL_SYSTICK_Callback                              build/stm32f1xx_hal_cortex.o
HAL_SYSTICK_Config                                build/stm32f1xx_hal_cortex.o
                                                  build/stm32f1xx_hal.o
                                                  build/main.o
HAL_SYSTICK_IRQHandler                            build/stm32f1xx_hal_cortex.o
                                                  build/stm32f1xx_it.o
HAL_SetTickFreq                                   build/stm32f1xx_hal.o
HAL_SuspendTick                                   build/stm32f1xx_hal.o
HardFault_Handler                                 build/stm32f1xx_it.o
I2C1_ER_IRQHandler                                build/startup_stm32f103xb.o
I2C1_EV_IRQHandler                                build/startup_stm32f103xb.o
I2C2_ER_IRQHandler                                build/startup_stm32f103xb.o
I2C2_EV_IRQHandler                                build/startup_stm32f103xb.o
MX_GPIO_Init                                      build/gpio.o
                                                  build/main.o
MX_USB_DEVICE_Init                                build/usb_device.o
                                                  build/main.o
MemManage_Handler                                 build/stm32f1xx_it.o
NMI_Handler                                       build/stm32f1xx_it.o
PVD_IRQHandler                                    build/startup_stm32f103xb.o
PendSV_Handler                                    build/stm32f1xx_it.o
RCC_IRQHandler                                    build/startup_stm32f103xb.o
RTC_Alarm_IRQHandler                              build/startup_stm32f103xb.o
RTC_IRQHandler                                    build/startup_stm32f103xb.o
Reset_Handler                                     build/startup_stm32f103xb.o
SPI1_IRQHandler                                   build/startup_stm32f103xb.o
SPI2_IRQHandler                                   build/startup_stm32f103xb.o
SVC_Handler                                       build/stm32f1xx_it.o
SysTick_Handler                                   build/stm32f1xx_it.o
SystemClock_Config                                build/main.o
SystemCoreClock                                   build/system_stm32f1xx.o
                                                  build/stm32f1xx_hal.o
                                                  build/stm32f1xx_hal_rcc.o
SystemCoreClockUpdate                             build/system_stm32f1xx.o
SystemInit                                        build/system_stm32f1xx.o
                                                  build/startup_stm32f103xb.o
TAMPER_IRQHandler                                 build/startup_stm32f103xb.o
TIM1_BRK_IRQHandler                               build/startup_stm32f103xb.o
TIM1_CC_IRQHandler                                build/startup_stm32f103xb.o
TIM1_TRG_COM_IRQHandler                           build/startup_stm32f103xb.o
TIM1_UP_IRQHandler                                build/startup_stm32f103xb.o
TIM2_IRQHandler                                   build/startup_stm32f103xb.o
TIM3_IRQHandler                                   build/startup_stm32f103xb.o
TIM4_IRQHandler                                   build/startup_stm32f103xb.o
USART1_IRQHandler                                 build/startup_stm32f103xb.o
USART2_IRQHandler                                 build/startup_stm32f103xb.o
USART3_IRQHandler                                 build/startup_stm32f103xb.o
USBD_CDC                                          build/usbd_cdc.o
                                                  build/usb_device.o
USBD_CDC_CfgFSDesc                                build/usbd_cdc.o
USBD_CDC_CfgHSDesc                                build/usbd_cdc.o
USBD_CDC_GetDeviceQualifierDescriptor             build/usbd_cdc.o
USBD_CDC_OtherSpeedCfgDesc                        build/usbd_cdc.o
USBD_CDC_ReceivePacket                            build/usbd_cdc.o
                                                  build/usbd_cdc_if.o
USBD_CDC_RegisterInterface                        build/usbd_cdc.o
                                                  build/usb_device.o
USBD_CDC_SetRxBuffer                              build/usbd_cdc.o
                                                  build/usbd_cdc_if.o
USBD_CDC_SetTxBuffer                              build/usbd_cdc.o
                                                  build/usbd_cdc_if.o
USBD_CDC_TransmitPacket                           build/usbd_cdc.o
                                                  build/usbd_cdc_if.o
USBD_ClrClassConfig                               build/usbd_core.o
                                                  build/usbd_ctlreq.o
USBD_CtlContinueRx                                build/usbd_ioreq.o
                                                  build/usbd_core.o
USBD_CtlContinueSendData                          build/usbd_ioreq.o
                                                  build/usbd_core.o
USBD_CtlError                                     build/usbd_ctlreq.o
USBD_CtlPrepareRx                                 build/usbd_ioreq.o
                                                  build/usbd_cdc.o
USBD_CtlReceiveStatus                             build/usbd_ioreq.o
                                                  build/usbd_core.o
USBD_CtlSendData                                  build/usbd_ioreq.o
                                                  build/usbd_cdc.o
                                                  build/usbd_ctlreq.o
USBD_CtlSendStatus                                build/usbd_ioreq.o
                                                  build/usbd_core.o
                                                  build/usbd_ctlreq.o
USBD_DeInit                                       build/usbd_core.o
USBD_FS_ConfigStrDescriptor                       build/usbd_desc.o
USBD_FS_DeviceDesc                                build/usbd_desc.o
USBD_FS_DeviceDescriptor                          build/usbd_desc.o
USBD_FS_InterfaceStrDescriptor                    build/usbd_desc.o
USBD_FS_LangIDStrDescriptor                       build/usbd_desc.o
USBD_FS_ManufacturerStrDescriptor                 build/usbd_desc.o
USBD_FS_ProductStrDescriptor                      build/usbd_desc.o
USBD_FS_SerialStrDescriptor                       build/usbd_desc.o
USBD_GetRxCount                                   build/usbd_ioreq.o
USBD_GetString                                    build/usbd_ctlreq.o
                                                  build/usbd_desc.o
USBD_Init                                         build/usbd_core.o
                                                  build/usb_device.o
USBD_Interface_fops_FS                            build/usbd_cdc_if.o
                                                  build/usb_device.o
USBD_LL_ClearStallEP                              build/usbd_conf.o
                                                  build/usbd_ctlreq.o
USBD_LL_CloseEP                                   build/usbd_conf.o
                                                  build/usbd_cdc.o
USBD_LL_DataInStage                               build/usbd_core.o
                                                  build/usbd_conf.o
USBD_LL_DataOutStage                              build/usbd_core.o
                                                  build/usbd_conf.o
USBD_LL_DeInit                                    build/usbd_conf.o
                                                  build/usbd_core.o
USBD_LL_Delay                                     build/usbd_conf.o
USBD_LL_DevConnected                              build/usbd_core.o
                                                  build/usbd_conf.o
USBD_LL_DevDisconnected                           build/usbd_core.o
                                                  build/usbd_conf.o
USBD_LL_FlushEP                                   build/usbd_conf.o
USBD_LL_GetRxDataSize                             build/usbd_conf.o
                                                  build/usbd_cdc.o
                                                  build/usbd_ioreq.o
USBD_LL_Init                                      build/usbd_conf.o
                                                  build/usbd_core.o
USBD_LL_IsStallEP                                 build/usbd_conf.o
                                                  build/usbd_ctlreq.o
USBD_LL_IsoINIncomplete                           build/usbd_core.o
                                                  build/usbd_conf.o
USBD_LL_IsoOUTIncomplete                          build/usbd_core.o
                                                  build/usbd_conf.o
USBD_LL_OpenEP                                    build/usbd_conf.o
                                                  build/usbd_cdc.o
                                                  build/usbd_core.o
USBD_LL_PrepareReceive                            build/usbd_conf.o
                                                  build/usbd_cdc.o
                                                  build/usbd_core.o
                                                  build/usbd_ioreq.o
USBD_LL_Reset                                     build/usbd_core.o
                                                  build/usbd_conf.o
USBD_LL_Resume                                    build/usbd_core.o
                                                  build/usbd_conf.o
USBD_LL_SOF                                       build/usbd_core.o
                                                  build/usbd_conf.o
USBD_LL_SetSpeed                                  build/usbd_core.o
                                                  build/usbd_conf.o
USBD_LL_SetUSBAddress                             build/usbd_conf.o
                                                  build/usbd_ctlreq.o
USBD_LL_SetupStage                                build/usbd_core.o
                                                  build/usbd_conf.o
USBD_LL_StallEP                                   build/usbd_conf.o
                                                  build/usbd_core.o
                                                  build/usbd_ctlreq.o
USBD_LL_Start                                     build/usbd_conf.o
                                                  build/usbd_core.o
USBD_LL_Stop                                      build/usbd_conf.o
                                                  build/usbd_core.o
USBD_LL_Suspend                                   build/usbd_core.o
                                                  build/usbd_conf.o
USBD_LL_Transmit                                  build/usbd_conf.o
                                                  build/usbd_cdc.o
                                                  build/usbd_ioreq.o
USBD_LangIDDesc                                   build/usbd_desc.o
USBD_ParseSetupRequest                            build/usbd_ctlreq.o
                                                  build/usbd_core.o
USBD_RegisterClass                                build/usbd_core.o
                                                  build/usb_device.o
USBD_RunTestMode                                  build/usbd_core.o
USBD_SetClassConfig                               build/usbd_core.o
                                                  build/usbd_ctlreq.o
USBD_Start                                        build/usbd_core.o
                                                  build/usb_device.o
USBD_StdDevReq                                    build/usbd_ctlreq.o
                                                  build/usbd_core.o
USBD_StdEPReq                                     build/usbd_ctlreq.o
                                                  build/usbd_core.o
USBD_StdItfReq                                    build/usbd_ctlreq.o
                                                  build/usbd_core.o
USBD_Stop                                         build/usbd_core.o
USBD_StrDesc                                      build/usbd_desc.o
USBD_static_free                                  build/usbd_conf.o
                                                  build/usbd_cdc.o
USBD_static_malloc                                build/usbd_conf.o
                                                  build/usbd_cdc.o
USBWakeUp_IRQHandler                              build/startup_stm32f103xb.o
USB_ActivateEndpoint                              build/stm32f1xx_ll_usb.o
                                                  build/stm32f1xx_hal_pcd.o
USB_ActivateRemoteWakeup                          build/stm32f1xx_ll_usb.o
                                                  build/stm32f1xx_hal_pcd.o
USB_ClearInterrupts                               build/stm32f1xx_ll_usb.o
USB_CoreInit                                      build/stm32f1xx_ll_usb.o
                                                  build/stm32f1xx_hal_pcd.o
USB_DeActivateRemoteWakeup                        build/stm32f1xx_ll_usb.o
                                                  build/stm32f1xx_hal_pcd.o
USB_DeactivateEndpoint                            build/stm32f1xx_ll_usb.o
                                                  build/stm32f1xx_hal_pcd.o
USB_DevConnect                                    build/stm32f1xx_ll_usb.o
                                                  build/stm32f1xx_hal_pcd.o
USB_DevDisconnect                                 build/stm32f1xx_ll_usb.o
                                                  build/stm32f1xx_hal_pcd.o
USB_DevInit                                       build/stm32f1xx_ll_usb.o
                                                  build/stm32f1xx_hal_pcd.o
USB_DisableGlobalInt                              build/stm32f1xx_ll_usb.o
                                                  build/stm32f1xx_hal_pcd.o
USB_EP0_OutStart                                  build/stm32f1xx_ll_usb.o
                                                  build/stm32f1xx_hal_pcd.o
USB_EPClearStall                                  build/stm32f1xx_ll_usb.o
                                                  build/stm32f1xx_hal_pcd.o
USB_EPSetStall                                    build/stm32f1xx_ll_usb.o
                                                  build/stm32f1xx_hal_pcd.o
USB_EPStartXfer                                   build/stm32f1xx_ll_usb.o
                                                  build/stm32f1xx_hal_pcd.o
USB_EnableGlobalInt                               build/stm32f1xx_ll_usb.o
                                                  build/stm32f1xx_hal_pcd.o
USB_FlushRxFifo                                   build/stm32f1xx_ll_usb.o
                                                  build/stm32f1xx_hal_pcd.o
USB_FlushTxFifo                                   build/stm32f1xx_ll_usb.o
                                                  build/stm32f1xx_hal_pcd.o
USB_HP_CAN1_TX_IRQHandler                         build/stm32f1xx_it.o
USB_LP_CAN1_RX0_IRQHandler                        build/stm32f1xx_it.o
USB_ReadDevAllInEpInterrupt                       build/stm32f1xx_ll_usb.o
USB_ReadDevAllOutEpInterrupt                      build/stm32f1xx_ll_usb.o
USB_ReadDevInEPInterrupt                          build/stm32f1xx_ll_usb.o
USB_ReadDevOutEPInterrupt                         build/stm32f1xx_ll_usb.o
USB_ReadInterrupts                                build/stm32f1xx_ll_usb.o
                                                  build/stm32f1xx_hal_pcd.o
USB_ReadPMA                                       build/stm32f1xx_ll_usb.o
                                                  build/stm32f1xx_hal_pcd.o
USB_ReadPacket                                    build/stm32f1xx_ll_usb.o
USB_SetCurrentMode                                build/stm32f1xx_ll_usb.o
                                                  build/stm32f1xx_hal_pcd.o
USB_SetDevAddress                                 build/stm32f1xx_ll_usb.o
                                                  build/stm32f1xx_hal_pcd.o
USB_StopDevice                                    build/stm32f1xx_ll_usb.o
                                                  build/stm32f1xx_hal_pcd.o
USB_WritePMA                                      build/stm32f1xx_ll_usb.o
                                                  build/stm32f1xx_hal_pcd.o
USB_WritePacket                                   build/stm32f1xx_ll_usb.o
UsageFault_Handler                                build/stm32f1xx_it.o
UserRxBufferFS                                    build/usbd_cdc_if.o
UserTxBufferFS                                    build/usbd_cdc_if.o
WWDG_IRQHandler                                   build/startup_stm32f103xb.o
_Error_Handler                                    build/main.o
                                                  build/usbd_conf.o
__bss_end__                                       /home/bot-10/opt/gcc-arm-none-eabi-7-2017-q4-major/bin/../lib/gcc/arm-none-eabi/7.2.1/../../../../arm-none-eabi/lib/thumb/v7-m/crt0.o
__bss_start__                                     /home/bot-10/opt/gcc-arm-none-eabi-7-2017-q4-major/bin/../lib/gcc/arm-none-eabi/7.2.1/../../../../arm-none-eabi/lib/thumb/v7-m/crt0.o
__call_exitprocs                                  /home/bot-10/opt/gcc-arm-none-eabi-7-2017-q4-major/bin/../lib/gcc/arm-none-eabi/7.2.1/../../../../arm-none-eabi/lib/thumb/v7-m/libc_nano.a(lib_a-exit.o)
__deregister_frame_info                           /home/bot-10/opt/gcc-arm-none-eabi-7-2017-q4-major/bin/../lib/gcc/arm-none-eabi/7.2.1/thumb/v7-m/crtbegin.o
__dso_handle                                      /home/bot-10/opt/gcc-arm-none-eabi-7-2017-q4-major/bin/../lib/gcc/arm-none-eabi/7.2.1/thumb/v7-m/crtbegin.o
__init_array_end                                  /home/bot-10/opt/gcc-arm-none-eabi-7-2017-q4-major/bin/../lib/gcc/arm-none-eabi/7.2.1/../../../../arm-none-eabi/lib/thumb/v7-m/libc_nano.a(lib_a-init.o)
__init_array_start                                /home/bot-10/opt/gcc-arm-none-eabi-7-2017-q4-major/bin/../lib/gcc/arm-none-eabi/7.2.1/../../../../arm-none-eabi/lib/thumb/v7-m/libc_nano.a(lib_a-init.o)
__libc_fini_array                                 /home/bot-10/opt/gcc-arm-none-eabi-7-2017-q4-major/bin/../lib/gcc/arm-none-eabi/7.2.1/../../../../arm-none-eabi/lib/thumb/v7-m/crt0.o
__libc_init_array                                 /home/bot-10/opt/gcc-arm-none-eabi-7-2017-q4-major/bin/../lib/gcc/arm-none-eabi/7.2.1/../../../../arm-none-eabi/lib/thumb/v7-m/libc_nano.a(lib_a-init.o)
                                                  build/startup_stm32f103xb.o